// Rstest Snapshot v1

exports[`member-ordering-alphabetically-case-insensitive-order > invalid 1`] = `
{
  "diagnostics": [
    {
      "filePath": "src/virtual.ts",
      "message": "Member B: string; should be declared before member c: string;.",
      "messageId": "incorrectOrder",
      "range": {
        "end": {
          "column": 13,
          "line": 4,
        },
        "start": {
          "column": 3,
          "line": 4,
        },
      },
      "ruleName": "member-ordering",
    },
    {
      "filePath": "src/virtual.ts",
      "message": "Member a: string; should be declared before member B: string;.",
      "messageId": "incorrectOrder",
      "range": {
        "end": {
          "column": 13,
          "line": 5,
        },
        "start": {
          "column": 3,
          "line": 5,
        },
      },
      "ruleName": "member-ordering",
    },
  ],
  "errorCount": 2,
  "fileCount": 1,
  "ruleCount": 1,
}
`;

exports[`member-ordering-alphabetically-case-insensitive-order > invalid 2`] = `
{
  "diagnostics": [
    {
      "filePath": "src/virtual.ts",
      "message": "Member a: b; should be declared before member B: b;.",
      "messageId": "incorrectOrder",
      "range": {
        "end": {
          "column": 8,
          "line": 4,
        },
        "start": {
          "column": 3,
          "line": 4,
        },
      },
      "ruleName": "member-ordering",
    },
  ],
  "errorCount": 1,
  "fileCount": 1,
  "ruleCount": 1,
}
`;

exports[`member-ordering-alphabetically-case-insensitive-order > invalid 3`] = `
{
  "diagnostics": [
    {
      "filePath": "src/virtual.ts",
      "message": "Member a: b; should be declared before member B: b;.",
      "messageId": "incorrectOrder",
      "range": {
        "end": {
          "column": 8,
          "line": 4,
        },
        "start": {
          "column": 3,
          "line": 4,
        },
      },
      "ruleName": "member-ordering",
    },
  ],
  "errorCount": 1,
  "fileCount": 1,
  "ruleCount": 1,
}
`;

exports[`member-ordering-alphabetically-case-insensitive-order > invalid 4`] = `
{
  "diagnostics": [
    {
      "filePath": "src/virtual.ts",
      "message": "Member public static a: string; should be declared before member public static B: string;.",
      "messageId": "incorrectOrder",
      "range": {
        "end": {
          "column": 27,
          "line": 4,
        },
        "start": {
          "column": 3,
          "line": 4,
        },
      },
      "ruleName": "member-ordering",
    },
  ],
  "errorCount": 1,
  "fileCount": 1,
  "ruleCount": 1,
}
`;

exports[`member-ordering-alphabetically-case-insensitive-order > invalid 5`] = `
{
  "diagnostics": [
    {
      "filePath": "src/virtual.ts",
      "message": "Member public static a: string; should be declared before member public static B: string;.",
      "messageId": "incorrectOrder",
      "range": {
        "end": {
          "column": 27,
          "line": 4,
        },
        "start": {
          "column": 3,
          "line": 4,
        },
      },
      "ruleName": "member-ordering",
    },
  ],
  "errorCount": 1,
  "fileCount": 1,
  "ruleCount": 1,
}
`;

exports[`member-ordering-alphabetically-case-insensitive-order > invalid 6`] = `
{
  "diagnostics": [
    {
      "filePath": "src/virtual.ts",
      "message": "Member (): Baz; should be declared before all field definitions.",
      "messageId": "incorrectGroupOrder",
      "range": {
        "end": {
          "column": 11,
          "line": 13,
        },
        "start": {
          "column": 3,
          "line": 13,
        },
      },
      "ruleName": "member-ordering",
    },
    {
      "filePath": "src/virtual.ts",
      "message": "Member new (): Bar; should be declared before all method definitions.",
      "messageId": "incorrectGroupOrder",
      "range": {
        "end": {
          "column": 15,
          "line": 15,
        },
        "start": {
          "column": 3,
          "line": 15,
        },
      },
      "ruleName": "member-ordering",
    },
    {
      "filePath": "src/virtual.ts",
      "message": "Member B(): void; should be declared before member c(): void;.",
      "messageId": "incorrectOrder",
      "range": {
        "end": {
          "column": 13,
          "line": 10,
        },
        "start": {
          "column": 3,
          "line": 10,
        },
      },
      "ruleName": "member-ordering",
    },
    {
      "filePath": "src/virtual.ts",
      "message": "Member a(): void; should be declared before member B(): void;.",
      "messageId": "incorrectOrder",
      "range": {
        "end": {
          "column": 13,
          "line": 11,
        },
        "start": {
          "column": 3,
          "line": 11,
        },
      },
      "ruleName": "member-ordering",
    },
  ],
  "errorCount": 4,
  "fileCount": 1,
  "ruleCount": 1,
}
`;
