// Rstest Snapshot v1

exports[`array-type > invalid 1`] = `
{
  "diagnostics": [],
  "errorCount": 0,
  "fileCount": 1,
  "ruleCount": 0,
}
`;
