// Rstest Snapshot v1

exports[`ban-ts-comment (ts-check) > invalid 1`] = `
{
  "diagnostics": [
    {
      "filePath": "src/virtual.ts",
      "message": "Do not use "@ts-check" because it alters compilation errors.",
      "messageId": "tsDirectiveComment",
      "range": {
        "end": {
          "column": 13,
          "line": 1,
        },
        "start": {
          "column": 1,
          "line": 1,
        },
      },
      "ruleName": "ban-ts-comment",
    },
  ],
  "errorCount": 1,
  "fileCount": 1,
  "ruleCount": 1,
}
`;

exports[`ban-ts-comment (ts-check) > invalid 2`] = `
{
  "diagnostics": [
    {
      "filePath": "src/virtual.ts",
      "message": "Do not use "@ts-check" because it alters compilation errors.",
      "messageId": "tsDirectiveComment",
      "range": {
        "end": {
          "column": 33,
          "line": 1,
        },
        "start": {
          "column": 1,
          "line": 1,
        },
      },
      "ruleName": "ban-ts-comment",
    },
  ],
  "errorCount": 1,
  "fileCount": 1,
  "ruleCount": 1,
}
`;

exports[`ban-ts-comment (ts-check) > invalid 3`] = `
{
  "diagnostics": [
    {
      "filePath": "src/virtual.ts",
      "message": "Do not use "@ts-check" because it alters compilation errors.",
      "messageId": "tsDirectiveComment",
      "range": {
        "end": {
          "column": 39,
          "line": 3,
        },
        "start": {
          "column": 3,
          "line": 3,
        },
      },
      "ruleName": "ban-ts-comment",
    },
  ],
  "errorCount": 1,
  "fileCount": 1,
  "ruleCount": 1,
}
`;

exports[`ban-ts-comment (ts-check) > invalid 4`] = `
{
  "diagnostics": [
    {
      "filePath": "src/virtual.ts",
      "message": "Include a description after the "@ts-check" directive to explain why the @ts-check is necessary. The description must be 3 characters or longer.",
      "messageId": "tsDirectiveCommentRequiresDescription",
      "range": {
        "end": {
          "column": 13,
          "line": 1,
        },
        "start": {
          "column": 1,
          "line": 1,
        },
      },
      "ruleName": "ban-ts-comment",
    },
  ],
  "errorCount": 1,
  "fileCount": 1,
  "ruleCount": 1,
}
`;

exports[`ban-ts-comment (ts-check) > invalid 5`] = `
{
  "diagnostics": [
    {
      "filePath": "src/virtual.ts",
      "message": "Include a description after the "@ts-check" directive to explain why the @ts-check is necessary. The description must be 25 characters or longer.",
      "messageId": "tsDirectiveCommentRequiresDescription",
      "range": {
        "end": {
          "column": 33,
          "line": 1,
        },
        "start": {
          "column": 1,
          "line": 1,
        },
      },
      "ruleName": "ban-ts-comment",
    },
  ],
  "errorCount": 1,
  "fileCount": 1,
  "ruleCount": 1,
}
`;

exports[`ban-ts-comment (ts-check) > invalid 6`] = `
{
  "diagnostics": [
    {
      "filePath": "src/virtual.ts",
      "message": "The description for the "@ts-check" directive must match the ^: TS\\d+ because .+$ format.",
      "messageId": "tsDirectiveCommentDescriptionNotMatchPattern",
      "range": {
        "end": {
          "column": 21,
          "line": 1,
        },
        "start": {
          "column": 1,
          "line": 1,
        },
      },
      "ruleName": "ban-ts-comment",
    },
  ],
  "errorCount": 1,
  "fileCount": 1,
  "ruleCount": 1,
}
`;

exports[`ban-ts-comment (ts-check) > invalid 7`] = `
{
  "diagnostics": [
    {
      "filePath": "src/virtual.ts",
      "message": "The description for the "@ts-check" directive must match the ^: TS\\d+ because .+$ format.",
      "messageId": "tsDirectiveCommentDescriptionNotMatchPattern",
      "range": {
        "end": {
          "column": 37,
          "line": 1,
        },
        "start": {
          "column": 1,
          "line": 1,
        },
      },
      "ruleName": "ban-ts-comment",
    },
  ],
  "errorCount": 1,
  "fileCount": 1,
  "ruleCount": 1,
}
`;

exports[`ban-ts-comment (ts-check) > invalid 8`] = `
{
  "diagnostics": [
    {
      "filePath": "src/virtual.ts",
      "message": "Include a description after the "@ts-check" directive to explain why the @ts-check is necessary. The description must be 3 characters or longer.",
      "messageId": "tsDirectiveCommentRequiresDescription",
      "range": {
        "end": {
          "column": 21,
          "line": 1,
        },
        "start": {
          "column": 1,
          "line": 1,
        },
      },
      "ruleName": "ban-ts-comment",
    },
  ],
  "errorCount": 1,
  "fileCount": 1,
  "ruleCount": 1,
}
`;

exports[`ban-ts-comment (ts-expect-error) > invalid 1`] = `
{
  "diagnostics": [
    {
      "filePath": "src/virtual.ts",
      "message": "Do not use "@ts-expect-error" because it alters compilation errors.",
      "messageId": "tsDirectiveComment",
      "range": {
        "end": {
          "column": 20,
          "line": 1,
        },
        "start": {
          "column": 1,
          "line": 1,
        },
      },
      "ruleName": "ban-ts-comment",
    },
  ],
  "errorCount": 1,
  "fileCount": 1,
  "ruleCount": 1,
}
`;

exports[`ban-ts-comment (ts-expect-error) > invalid 2`] = `
{
  "diagnostics": [
    {
      "filePath": "src/virtual.ts",
      "message": "Do not use "@ts-expect-error" because it alters compilation errors.",
      "messageId": "tsDirectiveComment",
      "range": {
        "end": {
          "column": 23,
          "line": 1,
        },
        "start": {
          "column": 1,
          "line": 1,
        },
      },
      "ruleName": "ban-ts-comment",
    },
  ],
  "errorCount": 1,
  "fileCount": 1,
  "ruleCount": 1,
}
`;

exports[`ban-ts-comment (ts-expect-error) > invalid 3`] = `
{
  "diagnostics": [
    {
      "filePath": "src/virtual.ts",
      "message": "Do not use "@ts-expect-error" because it alters compilation errors.",
      "messageId": "tsDirectiveComment",
      "range": {
        "end": {
          "column": 20,
          "line": 3,
        },
        "start": {
          "column": 1,
          "line": 2,
        },
      },
      "ruleName": "ban-ts-comment",
    },
  ],
  "errorCount": 1,
  "fileCount": 1,
  "ruleCount": 1,
}
`;

exports[`ban-ts-comment (ts-expect-error) > invalid 4`] = `
{
  "diagnostics": [
    {
      "filePath": "src/virtual.ts",
      "message": "Do not use "@ts-expect-error" because it alters compilation errors.",
      "messageId": "tsDirectiveComment",
      "range": {
        "end": {
          "column": 22,
          "line": 3,
        },
        "start": {
          "column": 1,
          "line": 2,
        },
      },
      "ruleName": "ban-ts-comment",
    },
  ],
  "errorCount": 1,
  "fileCount": 1,
  "ruleCount": 1,
}
`;

exports[`ban-ts-comment (ts-expect-error) > invalid 5`] = `
{
  "diagnostics": [
    {
      "filePath": "src/virtual.ts",
      "message": "Do not use "@ts-expect-error" because it alters compilation errors.",
      "messageId": "tsDirectiveComment",
      "range": {
        "end": {
          "column": 23,
          "line": 3,
        },
        "start": {
          "column": 1,
          "line": 2,
        },
      },
      "ruleName": "ban-ts-comment",
    },
  ],
  "errorCount": 1,
  "fileCount": 1,
  "ruleCount": 1,
}
`;

exports[`ban-ts-comment (ts-expect-error) > invalid 6`] = `
{
  "diagnostics": [
    {
      "filePath": "src/virtual.ts",
      "message": "Include a description after the "@ts-expect-error" directive to explain why the @ts-expect-error is necessary. The description must be 10 characters or longer.",
      "messageId": "tsDirectiveCommentRequiresDescription",
      "range": {
        "end": {
          "column": 29,
          "line": 3,
        },
        "start": {
          "column": 1,
          "line": 2,
        },
      },
      "ruleName": "ban-ts-comment",
    },
  ],
  "errorCount": 1,
  "fileCount": 1,
  "ruleCount": 1,
}
`;

exports[`ban-ts-comment (ts-expect-error) > invalid 7`] = `
{
  "diagnostics": [
    {
      "filePath": "src/virtual.ts",
      "message": "Include a description after the "@ts-expect-error" directive to explain why the @ts-expect-error is necessary. The description must be 25 characters or longer.",
      "messageId": "tsDirectiveCommentRequiresDescription",
      "range": {
        "end": {
          "column": 43,
          "line": 3,
        },
        "start": {
          "column": 1,
          "line": 2,
        },
      },
      "ruleName": "ban-ts-comment",
    },
  ],
  "errorCount": 1,
  "fileCount": 1,
  "ruleCount": 1,
}
`;

exports[`ban-ts-comment (ts-expect-error) > invalid 8`] = `
{
  "diagnostics": [
    {
      "filePath": "src/virtual.ts",
      "message": "The description for the "@ts-expect-error" directive must match the ^: TS\\d+ because .+$ format.",
      "messageId": "tsDirectiveCommentDescriptionNotMatchPattern",
      "range": {
        "end": {
          "column": 31,
          "line": 3,
        },
        "start": {
          "column": 1,
          "line": 2,
        },
      },
      "ruleName": "ban-ts-comment",
    },
  ],
  "errorCount": 1,
  "fileCount": 1,
  "ruleCount": 1,
}
`;

exports[`ban-ts-comment (ts-expect-error) > invalid 9`] = `
{
  "diagnostics": [
    {
      "filePath": "src/virtual.ts",
      "message": "The description for the "@ts-expect-error" directive must match the ^: TS\\d+ because .+$ format.",
      "messageId": "tsDirectiveCommentDescriptionNotMatchPattern",
      "range": {
        "end": {
          "column": 35,
          "line": 3,
        },
        "start": {
          "column": 1,
          "line": 2,
        },
      },
      "ruleName": "ban-ts-comment",
    },
  ],
  "errorCount": 1,
  "fileCount": 1,
  "ruleCount": 1,
}
`;

exports[`ban-ts-comment (ts-expect-error) > invalid 10`] = `
{
  "diagnostics": [
    {
      "filePath": "src/virtual.ts",
      "message": "Include a description after the "@ts-expect-error" directive to explain why the @ts-expect-error is necessary. The description must be 3 characters or longer.",
      "messageId": "tsDirectiveCommentRequiresDescription",
      "range": {
        "end": {
          "column": 31,
          "line": 3,
        },
        "start": {
          "column": 1,
          "line": 2,
        },
      },
      "ruleName": "ban-ts-comment",
    },
  ],
  "errorCount": 1,
  "fileCount": 1,
  "ruleCount": 1,
}
`;

exports[`ban-ts-comment (ts-expect-error) > invalid 11`] = `
{
  "diagnostics": [
    {
      "filePath": "src/virtual.ts",
      "message": "Do not use "@ts-expect-error" because it alters compilation errors.",
      "messageId": "tsDirectiveComment",
      "range": {
        "end": {
          "column": 24,
          "line": 1,
        },
        "start": {
          "column": 1,
          "line": 1,
        },
      },
      "ruleName": "ban-ts-comment",
    },
  ],
  "errorCount": 1,
  "fileCount": 1,
  "ruleCount": 1,
}
`;

exports[`ban-ts-comment (ts-expect-error) > invalid 12`] = `
{
  "diagnostics": [
    {
      "filePath": "src/virtual.ts",
      "message": "Do not use "@ts-expect-error" because it alters compilation errors.",
      "messageId": "tsDirectiveComment",
      "range": {
        "end": {
          "column": 40,
          "line": 1,
        },
        "start": {
          "column": 1,
          "line": 1,
        },
      },
      "ruleName": "ban-ts-comment",
    },
  ],
  "errorCount": 1,
  "fileCount": 1,
  "ruleCount": 1,
}
`;

exports[`ban-ts-comment (ts-expect-error) > invalid 13`] = `
{
  "diagnostics": [
    {
      "filePath": "src/virtual.ts",
      "message": "Do not use "@ts-expect-error" because it alters compilation errors.",
      "messageId": "tsDirectiveComment",
      "range": {
        "end": {
          "column": 42,
          "line": 1,
        },
        "start": {
          "column": 1,
          "line": 1,
        },
      },
      "ruleName": "ban-ts-comment",
    },
  ],
  "errorCount": 1,
  "fileCount": 1,
  "ruleCount": 1,
}
`;

exports[`ban-ts-comment (ts-expect-error) > invalid 14`] = `
{
  "diagnostics": [
    {
      "filePath": "src/virtual.ts",
      "message": "Do not use "@ts-expect-error" because it alters compilation errors.",
      "messageId": "tsDirectiveComment",
      "range": {
        "end": {
          "column": 46,
          "line": 3,
        },
        "start": {
          "column": 3,
          "line": 3,
        },
      },
      "ruleName": "ban-ts-comment",
    },
  ],
  "errorCount": 1,
  "fileCount": 1,
  "ruleCount": 1,
}
`;

exports[`ban-ts-comment (ts-expect-error) > invalid 15`] = `
{
  "diagnostics": [
    {
      "filePath": "src/virtual.ts",
      "message": "Include a description after the "@ts-expect-error" directive to explain why the @ts-expect-error is necessary. The description must be 3 characters or longer.",
      "messageId": "tsDirectiveCommentRequiresDescription",
      "range": {
        "end": {
          "column": 20,
          "line": 1,
        },
        "start": {
          "column": 1,
          "line": 1,
        },
      },
      "ruleName": "ban-ts-comment",
    },
  ],
  "errorCount": 1,
  "fileCount": 1,
  "ruleCount": 1,
}
`;

exports[`ban-ts-comment (ts-expect-error) > invalid 16`] = `
{
  "diagnostics": [
    {
      "filePath": "src/virtual.ts",
      "message": "Include a description after the "@ts-expect-error" directive to explain why the @ts-expect-error is necessary. The description must be 10 characters or longer.",
      "messageId": "tsDirectiveCommentRequiresDescription",
      "range": {
        "end": {
          "column": 26,
          "line": 1,
        },
        "start": {
          "column": 1,
          "line": 1,
        },
      },
      "ruleName": "ban-ts-comment",
    },
  ],
  "errorCount": 1,
  "fileCount": 1,
  "ruleCount": 1,
}
`;

exports[`ban-ts-comment (ts-expect-error) > invalid 17`] = `
{
  "diagnostics": [
    {
      "filePath": "src/virtual.ts",
      "message": "Include a description after the "@ts-expect-error" directive to explain why the @ts-expect-error is necessary. The description must be 25 characters or longer.",
      "messageId": "tsDirectiveCommentRequiresDescription",
      "range": {
        "end": {
          "column": 40,
          "line": 1,
        },
        "start": {
          "column": 1,
          "line": 1,
        },
      },
      "ruleName": "ban-ts-comment",
    },
  ],
  "errorCount": 1,
  "fileCount": 1,
  "ruleCount": 1,
}
`;

exports[`ban-ts-comment (ts-expect-error) > invalid 18`] = `
{
  "diagnostics": [
    {
      "filePath": "src/virtual.ts",
      "message": "The description for the "@ts-expect-error" directive must match the ^: TS\\d+ because .+$ format.",
      "messageId": "tsDirectiveCommentDescriptionNotMatchPattern",
      "range": {
        "end": {
          "column": 28,
          "line": 1,
        },
        "start": {
          "column": 1,
          "line": 1,
        },
      },
      "ruleName": "ban-ts-comment",
    },
  ],
  "errorCount": 1,
  "fileCount": 1,
  "ruleCount": 1,
}
`;

exports[`ban-ts-comment (ts-expect-error) > invalid 19`] = `
{
  "diagnostics": [
    {
      "filePath": "src/virtual.ts",
      "message": "The description for the "@ts-expect-error" directive must match the ^: TS\\d+ because .+$ format.",
      "messageId": "tsDirectiveCommentDescriptionNotMatchPattern",
      "range": {
        "end": {
          "column": 44,
          "line": 1,
        },
        "start": {
          "column": 1,
          "line": 1,
        },
      },
      "ruleName": "ban-ts-comment",
    },
  ],
  "errorCount": 1,
  "fileCount": 1,
  "ruleCount": 1,
}
`;

exports[`ban-ts-comment (ts-expect-error) > invalid 20`] = `
{
  "diagnostics": [
    {
      "filePath": "src/virtual.ts",
      "message": "Include a description after the "@ts-expect-error" directive to explain why the @ts-expect-error is necessary. The description must be 3 characters or longer.",
      "messageId": "tsDirectiveCommentRequiresDescription",
      "range": {
        "end": {
          "column": 28,
          "line": 1,
        },
        "start": {
          "column": 1,
          "line": 1,
        },
      },
      "ruleName": "ban-ts-comment",
    },
  ],
  "errorCount": 1,
  "fileCount": 1,
  "ruleCount": 1,
}
`;

exports[`ban-ts-comment (ts-ignore) > invalid 1`] = `
{
  "diagnostics": [
    {
      "filePath": "src/virtual.ts",
      "message": "Use "@ts-expect-error" instead of "@ts-ignore", as "@ts-ignore" will do nothing if the following line is error-free.",
      "messageId": "tsIgnoreInsteadOfExpectError",
      "range": {
        "end": {
          "column": 14,
          "line": 1,
        },
        "start": {
          "column": 1,
          "line": 1,
        },
      },
      "ruleName": "ban-ts-comment",
    },
  ],
  "errorCount": 1,
  "fileCount": 1,
  "ruleCount": 1,
}
`;

exports[`ban-ts-comment (ts-ignore) > invalid 2`] = `
{
  "diagnostics": [
    {
      "filePath": "src/virtual.ts",
      "message": "Use "@ts-expect-error" instead of "@ts-ignore", as "@ts-ignore" will do nothing if the following line is error-free.",
      "messageId": "tsIgnoreInsteadOfExpectError",
      "range": {
        "end": {
          "column": 14,
          "line": 1,
        },
        "start": {
          "column": 1,
          "line": 1,
        },
      },
      "ruleName": "ban-ts-comment",
    },
  ],
  "errorCount": 1,
  "fileCount": 1,
  "ruleCount": 1,
}
`;

exports[`ban-ts-comment (ts-ignore) > invalid 3`] = `
{
  "diagnostics": [
    {
      "filePath": "src/virtual.ts",
      "message": "Use "@ts-expect-error" instead of "@ts-ignore", as "@ts-ignore" will do nothing if the following line is error-free.",
      "messageId": "tsIgnoreInsteadOfExpectError",
      "range": {
        "end": {
          "column": 14,
          "line": 1,
        },
        "start": {
          "column": 1,
          "line": 1,
        },
      },
      "ruleName": "ban-ts-comment",
    },
  ],
  "errorCount": 1,
  "fileCount": 1,
  "ruleCount": 1,
}
`;

exports[`ban-ts-comment (ts-ignore) > invalid 4`] = `
{
  "diagnostics": [
    {
      "filePath": "src/virtual.ts",
      "message": "Use "@ts-expect-error" instead of "@ts-ignore", as "@ts-ignore" will do nothing if the following line is error-free.",
      "messageId": "tsIgnoreInsteadOfExpectError",
      "range": {
        "end": {
          "column": 17,
          "line": 1,
        },
        "start": {
          "column": 1,
          "line": 1,
        },
      },
      "ruleName": "ban-ts-comment",
    },
  ],
  "errorCount": 1,
  "fileCount": 1,
  "ruleCount": 1,
}
`;

exports[`ban-ts-comment (ts-ignore) > invalid 5`] = `
{
  "diagnostics": [
    {
      "filePath": "src/virtual.ts",
      "message": "Use "@ts-expect-error" instead of "@ts-ignore", as "@ts-ignore" will do nothing if the following line is error-free.",
      "messageId": "tsIgnoreInsteadOfExpectError",
      "range": {
        "end": {
          "column": 15,
          "line": 3,
        },
        "start": {
          "column": 1,
          "line": 2,
        },
      },
      "ruleName": "ban-ts-comment",
    },
  ],
  "errorCount": 1,
  "fileCount": 1,
  "ruleCount": 1,
}
`;

exports[`ban-ts-comment (ts-ignore) > invalid 6`] = `
{
  "diagnostics": [
    {
      "filePath": "src/virtual.ts",
      "message": "Use "@ts-expect-error" instead of "@ts-ignore", as "@ts-ignore" will do nothing if the following line is error-free.",
      "messageId": "tsIgnoreInsteadOfExpectError",
      "range": {
        "end": {
          "column": 16,
          "line": 3,
        },
        "start": {
          "column": 1,
          "line": 2,
        },
      },
      "ruleName": "ban-ts-comment",
    },
  ],
  "errorCount": 1,
  "fileCount": 1,
  "ruleCount": 1,
}
`;

exports[`ban-ts-comment (ts-ignore) > invalid 7`] = `
{
  "diagnostics": [
    {
      "filePath": "src/virtual.ts",
      "message": "Use "@ts-expect-error" instead of "@ts-ignore", as "@ts-ignore" will do nothing if the following line is error-free.",
      "messageId": "tsIgnoreInsteadOfExpectError",
      "range": {
        "end": {
          "column": 17,
          "line": 3,
        },
        "start": {
          "column": 1,
          "line": 2,
        },
      },
      "ruleName": "ban-ts-comment",
    },
  ],
  "errorCount": 1,
  "fileCount": 1,
  "ruleCount": 1,
}
`;

exports[`ban-ts-comment (ts-ignore) > invalid 8`] = `
{
  "diagnostics": [
    {
      "filePath": "src/virtual.ts",
      "message": "Use "@ts-expect-error" instead of "@ts-ignore", as "@ts-ignore" will do nothing if the following line is error-free.",
      "messageId": "tsIgnoreInsteadOfExpectError",
      "range": {
        "end": {
          "column": 18,
          "line": 1,
        },
        "start": {
          "column": 1,
          "line": 1,
        },
      },
      "ruleName": "ban-ts-comment",
    },
  ],
  "errorCount": 1,
  "fileCount": 1,
  "ruleCount": 1,
}
`;

exports[`ban-ts-comment (ts-ignore) > invalid 9`] = `
{
  "diagnostics": [
    {
      "filePath": "src/virtual.ts",
      "message": "Use "@ts-expect-error" instead of "@ts-ignore", as "@ts-ignore" will do nothing if the following line is error-free.",
      "messageId": "tsIgnoreInsteadOfExpectError",
      "range": {
        "end": {
          "column": 23,
          "line": 3,
        },
        "start": {
          "column": 1,
          "line": 2,
        },
      },
      "ruleName": "ban-ts-comment",
    },
  ],
  "errorCount": 1,
  "fileCount": 1,
  "ruleCount": 1,
}
`;

exports[`ban-ts-comment (ts-ignore) > invalid 10`] = `
{
  "diagnostics": [
    {
      "filePath": "src/virtual.ts",
      "message": "Use "@ts-expect-error" instead of "@ts-ignore", as "@ts-ignore" will do nothing if the following line is error-free.",
      "messageId": "tsIgnoreInsteadOfExpectError",
      "range": {
        "end": {
          "column": 37,
          "line": 3,
        },
        "start": {
          "column": 1,
          "line": 2,
        },
      },
      "ruleName": "ban-ts-comment",
    },
  ],
  "errorCount": 1,
  "fileCount": 1,
  "ruleCount": 1,
}
`;

exports[`ban-ts-comment (ts-ignore) > invalid 11`] = `
{
  "diagnostics": [
    {
      "filePath": "src/virtual.ts",
      "message": "Use "@ts-expect-error" instead of "@ts-ignore", as "@ts-ignore" will do nothing if the following line is error-free.",
      "messageId": "tsIgnoreInsteadOfExpectError",
      "range": {
        "end": {
          "column": 34,
          "line": 1,
        },
        "start": {
          "column": 1,
          "line": 1,
        },
      },
      "ruleName": "ban-ts-comment",
    },
  ],
  "errorCount": 1,
  "fileCount": 1,
  "ruleCount": 1,
}
`;

exports[`ban-ts-comment (ts-ignore) > invalid 12`] = `
{
  "diagnostics": [
    {
      "filePath": "src/virtual.ts",
      "message": "Use "@ts-expect-error" instead of "@ts-ignore", as "@ts-ignore" will do nothing if the following line is error-free.",
      "messageId": "tsIgnoreInsteadOfExpectError",
      "range": {
        "end": {
          "column": 36,
          "line": 1,
        },
        "start": {
          "column": 1,
          "line": 1,
        },
      },
      "ruleName": "ban-ts-comment",
    },
  ],
  "errorCount": 1,
  "fileCount": 1,
  "ruleCount": 1,
}
`;

exports[`ban-ts-comment (ts-ignore) > invalid 13`] = `
{
  "diagnostics": [
    {
      "filePath": "src/virtual.ts",
      "message": "Use "@ts-expect-error" instead of "@ts-ignore", as "@ts-ignore" will do nothing if the following line is error-free.",
      "messageId": "tsIgnoreInsteadOfExpectError",
      "range": {
        "end": {
          "column": 40,
          "line": 3,
        },
        "start": {
          "column": 3,
          "line": 3,
        },
      },
      "ruleName": "ban-ts-comment",
    },
  ],
  "errorCount": 1,
  "fileCount": 1,
  "ruleCount": 1,
}
`;

exports[`ban-ts-comment (ts-ignore) > invalid 14`] = `
{
  "diagnostics": [
    {
      "filePath": "src/virtual.ts",
      "message": "Include a description after the "@ts-ignore" directive to explain why the @ts-ignore is necessary. The description must be 3 characters or longer.",
      "messageId": "tsDirectiveCommentRequiresDescription",
      "range": {
        "end": {
          "column": 14,
          "line": 1,
        },
        "start": {
          "column": 1,
          "line": 1,
        },
      },
      "ruleName": "ban-ts-comment",
    },
  ],
  "errorCount": 1,
  "fileCount": 1,
  "ruleCount": 1,
}
`;

exports[`ban-ts-comment (ts-ignore) > invalid 15`] = `
{
  "diagnostics": [
    {
      "filePath": "src/virtual.ts",
      "message": "Include a description after the "@ts-ignore" directive to explain why the @ts-ignore is necessary. The description must be 3 characters or longer.",
      "messageId": "tsDirectiveCommentRequiresDescription",
      "range": {
        "end": {
          "column": 23,
          "line": 1,
        },
        "start": {
          "column": 1,
          "line": 1,
        },
      },
      "ruleName": "ban-ts-comment",
    },
  ],
  "errorCount": 1,
  "fileCount": 1,
  "ruleCount": 1,
}
`;

exports[`ban-ts-comment (ts-ignore) > invalid 16`] = `
{
  "diagnostics": [
    {
      "filePath": "src/virtual.ts",
      "message": "Include a description after the "@ts-ignore" directive to explain why the @ts-ignore is necessary. The description must be 3 characters or longer.",
      "messageId": "tsDirectiveCommentRequiresDescription",
      "range": {
        "end": {
          "column": 19,
          "line": 1,
        },
        "start": {
          "column": 1,
          "line": 1,
        },
      },
      "ruleName": "ban-ts-comment",
    },
  ],
  "errorCount": 1,
  "fileCount": 1,
  "ruleCount": 1,
}
`;

exports[`ban-ts-comment (ts-ignore) > invalid 17`] = `
{
  "diagnostics": [
    {
      "filePath": "src/virtual.ts",
      "message": "Include a description after the "@ts-ignore" directive to explain why the @ts-ignore is necessary. The description must be 25 characters or longer.",
      "messageId": "tsDirectiveCommentRequiresDescription",
      "range": {
        "end": {
          "column": 34,
          "line": 1,
        },
        "start": {
          "column": 1,
          "line": 1,
        },
      },
      "ruleName": "ban-ts-comment",
    },
  ],
  "errorCount": 1,
  "fileCount": 1,
  "ruleCount": 1,
}
`;

exports[`ban-ts-comment (ts-ignore) > invalid 18`] = `
{
  "diagnostics": [
    {
      "filePath": "src/virtual.ts",
      "message": "The description for the "@ts-ignore" directive must match the ^: TS\\d+ because .+$ format.",
      "messageId": "tsDirectiveCommentDescriptionNotMatchPattern",
      "range": {
        "end": {
          "column": 22,
          "line": 1,
        },
        "start": {
          "column": 1,
          "line": 1,
        },
      },
      "ruleName": "ban-ts-comment",
    },
  ],
  "errorCount": 1,
  "fileCount": 1,
  "ruleCount": 1,
}
`;

exports[`ban-ts-comment (ts-ignore) > invalid 19`] = `
{
  "diagnostics": [
    {
      "filePath": "src/virtual.ts",
      "message": "The description for the "@ts-ignore" directive must match the ^: TS\\d+ because .+$ format.",
      "messageId": "tsDirectiveCommentDescriptionNotMatchPattern",
      "range": {
        "end": {
          "column": 38,
          "line": 1,
        },
        "start": {
          "column": 1,
          "line": 1,
        },
      },
      "ruleName": "ban-ts-comment",
    },
  ],
  "errorCount": 1,
  "fileCount": 1,
  "ruleCount": 1,
}
`;

exports[`ban-ts-comment (ts-ignore) > invalid 20`] = `
{
  "diagnostics": [
    {
      "filePath": "src/virtual.ts",
      "message": "Include a description after the "@ts-ignore" directive to explain why the @ts-ignore is necessary. The description must be 3 characters or longer.",
      "messageId": "tsDirectiveCommentRequiresDescription",
      "range": {
        "end": {
          "column": 22,
          "line": 1,
        },
        "start": {
          "column": 1,
          "line": 1,
        },
      },
      "ruleName": "ban-ts-comment",
    },
  ],
  "errorCount": 1,
  "fileCount": 1,
  "ruleCount": 1,
}
`;

exports[`ban-ts-comment (ts-nocheck) > invalid 1`] = `
{
  "diagnostics": [
    {
      "filePath": "src/virtual.ts",
      "message": "Do not use "@ts-nocheck" because it alters compilation errors.",
      "messageId": "tsDirectiveComment",
      "range": {
        "end": {
          "column": 15,
          "line": 1,
        },
        "start": {
          "column": 1,
          "line": 1,
        },
      },
      "ruleName": "ban-ts-comment",
    },
  ],
  "errorCount": 1,
  "fileCount": 1,
  "ruleCount": 1,
}
`;

exports[`ban-ts-comment (ts-nocheck) > invalid 2`] = `
{
  "diagnostics": [
    {
      "filePath": "src/virtual.ts",
      "message": "Do not use "@ts-nocheck" because it alters compilation errors.",
      "messageId": "tsDirectiveComment",
      "range": {
        "end": {
          "column": 15,
          "line": 1,
        },
        "start": {
          "column": 1,
          "line": 1,
        },
      },
      "ruleName": "ban-ts-comment",
    },
  ],
  "errorCount": 1,
  "fileCount": 1,
  "ruleCount": 1,
}
`;

exports[`ban-ts-comment (ts-nocheck) > invalid 3`] = `
{
  "diagnostics": [
    {
      "filePath": "src/virtual.ts",
      "message": "Do not use "@ts-nocheck" because it alters compilation errors.",
      "messageId": "tsDirectiveComment",
      "range": {
        "end": {
          "column": 35,
          "line": 1,
        },
        "start": {
          "column": 1,
          "line": 1,
        },
      },
      "ruleName": "ban-ts-comment",
    },
  ],
  "errorCount": 1,
  "fileCount": 1,
  "ruleCount": 1,
}
`;

exports[`ban-ts-comment (ts-nocheck) > invalid 4`] = `
{
  "diagnostics": [
    {
      "filePath": "src/virtual.ts",
      "message": "Include a description after the "@ts-nocheck" directive to explain why the @ts-nocheck is necessary. The description must be 3 characters or longer.",
      "messageId": "tsDirectiveCommentRequiresDescription",
      "range": {
        "end": {
          "column": 15,
          "line": 1,
        },
        "start": {
          "column": 1,
          "line": 1,
        },
      },
      "ruleName": "ban-ts-comment",
    },
  ],
  "errorCount": 1,
  "fileCount": 1,
  "ruleCount": 1,
}
`;

exports[`ban-ts-comment (ts-nocheck) > invalid 5`] = `
{
  "diagnostics": [
    {
      "filePath": "src/virtual.ts",
      "message": "Include a description after the "@ts-nocheck" directive to explain why the @ts-nocheck is necessary. The description must be 25 characters or longer.",
      "messageId": "tsDirectiveCommentRequiresDescription",
      "range": {
        "end": {
          "column": 35,
          "line": 1,
        },
        "start": {
          "column": 1,
          "line": 1,
        },
      },
      "ruleName": "ban-ts-comment",
    },
  ],
  "errorCount": 1,
  "fileCount": 1,
  "ruleCount": 1,
}
`;

exports[`ban-ts-comment (ts-nocheck) > invalid 6`] = `
{
  "diagnostics": [
    {
      "filePath": "src/virtual.ts",
      "message": "The description for the "@ts-nocheck" directive must match the ^: TS\\d+ because .+$ format.",
      "messageId": "tsDirectiveCommentDescriptionNotMatchPattern",
      "range": {
        "end": {
          "column": 23,
          "line": 1,
        },
        "start": {
          "column": 1,
          "line": 1,
        },
      },
      "ruleName": "ban-ts-comment",
    },
  ],
  "errorCount": 1,
  "fileCount": 1,
  "ruleCount": 1,
}
`;

exports[`ban-ts-comment (ts-nocheck) > invalid 7`] = `
{
  "diagnostics": [
    {
      "filePath": "src/virtual.ts",
      "message": "The description for the "@ts-nocheck" directive must match the ^: TS\\d+ because .+$ format.",
      "messageId": "tsDirectiveCommentDescriptionNotMatchPattern",
      "range": {
        "end": {
          "column": 39,
          "line": 1,
        },
        "start": {
          "column": 1,
          "line": 1,
        },
      },
      "ruleName": "ban-ts-comment",
    },
  ],
  "errorCount": 1,
  "fileCount": 1,
  "ruleCount": 1,
}
`;

exports[`ban-ts-comment (ts-nocheck) > invalid 8`] = `
{
  "diagnostics": [
    {
      "filePath": "src/virtual.ts",
      "message": "Include a description after the "@ts-nocheck" directive to explain why the @ts-nocheck is necessary. The description must be 3 characters or longer.",
      "messageId": "tsDirectiveCommentRequiresDescription",
      "range": {
        "end": {
          "column": 23,
          "line": 1,
        },
        "start": {
          "column": 1,
          "line": 1,
        },
      },
      "ruleName": "ban-ts-comment",
    },
  ],
  "errorCount": 1,
  "fileCount": 1,
  "ruleCount": 1,
}
`;

exports[`ban-ts-comment (ts-nocheck) > invalid 9`] = `
{
  "diagnostics": [
    {
      "filePath": "src/virtual.ts",
      "message": "Do not use "@ts-nocheck" because it alters compilation errors.",
      "messageId": "tsDirectiveComment",
      "range": {
        "end": {
          "column": 16,
          "line": 2,
        },
        "start": {
          "column": 2,
          "line": 2,
        },
      },
      "ruleName": "ban-ts-comment",
    },
  ],
  "errorCount": 1,
  "fileCount": 1,
  "ruleCount": 1,
}
`;
