// Rstest Snapshot v1

exports[`consistent-type-assertions > invalid 1`] = `
{
  "diagnostics": [
    {
      "filePath": "src/virtual.ts",
      "message": "Use '<Foo>' instead of 'as Foo'.",
      "messageId": "as-assertion",
      "range": {
        "end": {
          "column": 39,
          "line": 1,
        },
        "start": {
          "column": 11,
          "line": 1,
        },
      },
      "ruleName": "consistent-type-assertions",
    },
  ],
  "errorCount": 1,
  "fileCount": 1,
  "ruleCount": 1,
}
`;

exports[`consistent-type-assertions > invalid 2`] = `
{
  "diagnostics": [
    {
      "filePath": "src/virtual.ts",
      "message": "Use '<A>' instead of 'as A'.",
      "messageId": "as-assertion",
      "range": {
        "end": {
          "column": 17,
          "line": 1,
        },
        "start": {
          "column": 11,
          "line": 1,
        },
      },
      "ruleName": "consistent-type-assertions",
    },
  ],
  "errorCount": 1,
  "fileCount": 1,
  "ruleCount": 1,
}
`;
