// Rstest Snapshot v1

exports[`consistent-type-definitions > invalid 1`] = `
{
  "diagnostics": [],
  "errorCount": 0,
  "fileCount": 1,
  "ruleCount": 0,
}
`;
