// Rstest Snapshot v1

exports[`consistent-indexed-object-style > invalid 1`] = `
{
  "diagnostics": [
    {
      "filePath": "src/virtual.ts",
      "message": "A record is preferred over an index signature.",
      "messageId": "preferRecord",
      "range": {
        "end": {
          "column": 2,
          "line": 4,
        },
        "start": {
          "column": 1,
          "line": 2,
        },
      },
      "ruleName": "consistent-indexed-object-style",
    },
  ],
  "errorCount": 1,
  "fileCount": 1,
  "ruleCount": 1,
}
`;

exports[`consistent-indexed-object-style > invalid 2`] = `
{
  "diagnostics": [
    {
      "filePath": "src/virtual.ts",
      "message": "A record is preferred over an index signature.",
      "messageId": "preferRecord",
      "range": {
        "end": {
          "column": 2,
          "line": 4,
        },
        "start": {
          "column": 1,
          "line": 2,
        },
      },
      "ruleName": "consistent-indexed-object-style",
    },
  ],
  "errorCount": 1,
  "fileCount": 1,
  "ruleCount": 1,
}
`;

exports[`consistent-indexed-object-style > invalid 3`] = `
{
  "diagnostics": [
    {
      "filePath": "src/virtual.ts",
      "message": "A record is preferred over an index signature.",
      "messageId": "preferRecord",
      "range": {
        "end": {
          "column": 2,
          "line": 4,
        },
        "start": {
          "column": 1,
          "line": 2,
        },
      },
      "ruleName": "consistent-indexed-object-style",
    },
  ],
  "errorCount": 1,
  "fileCount": 1,
  "ruleCount": 1,
}
`;

exports[`consistent-indexed-object-style > invalid 4`] = `
{
  "diagnostics": [
    {
      "filePath": "src/virtual.ts",
      "message": "A record is preferred over an index signature.",
      "messageId": "preferRecord",
      "range": {
        "end": {
          "column": 2,
          "line": 4,
        },
        "start": {
          "column": 1,
          "line": 2,
        },
      },
      "ruleName": "consistent-indexed-object-style",
    },
  ],
  "errorCount": 1,
  "fileCount": 1,
  "ruleCount": 1,
}
`;

exports[`consistent-indexed-object-style > invalid 5`] = `
{
  "diagnostics": [
    {
      "filePath": "src/virtual.ts",
      "message": "A record is preferred over an index signature.",
      "messageId": "preferRecord",
      "range": {
        "end": {
          "column": 2,
          "line": 4,
        },
        "start": {
          "column": 1,
          "line": 2,
        },
      },
      "ruleName": "consistent-indexed-object-style",
    },
  ],
  "errorCount": 1,
  "fileCount": 1,
  "ruleCount": 1,
}
`;

exports[`consistent-indexed-object-style > invalid 6`] = `
{
  "diagnostics": [
    {
      "filePath": "src/virtual.ts",
      "message": "A record is preferred over an index signature.",
      "messageId": "preferRecord",
      "range": {
        "end": {
          "column": 2,
          "line": 4,
        },
        "start": {
          "column": 1,
          "line": 2,
        },
      },
      "ruleName": "consistent-indexed-object-style",
    },
  ],
  "errorCount": 1,
  "fileCount": 1,
  "ruleCount": 1,
}
`;

exports[`consistent-indexed-object-style > invalid 7`] = `
{
  "diagnostics": [
    {
      "filePath": "src/virtual.ts",
      "message": "A record is preferred over an index signature.",
      "messageId": "preferRecord",
      "range": {
        "end": {
          "column": 2,
          "line": 4,
        },
        "start": {
          "column": 1,
          "line": 2,
        },
      },
      "ruleName": "consistent-indexed-object-style",
    },
  ],
  "errorCount": 1,
  "fileCount": 1,
  "ruleCount": 1,
}
`;

exports[`consistent-indexed-object-style > invalid 8`] = `
{
  "diagnostics": [
    {
      "filePath": "src/virtual.ts",
      "message": "A record is preferred over an index signature.",
      "messageId": "preferRecord",
      "range": {
        "end": {
          "column": 2,
          "line": 4,
        },
        "start": {
          "column": 1,
          "line": 2,
        },
      },
      "ruleName": "consistent-indexed-object-style",
    },
  ],
  "errorCount": 1,
  "fileCount": 1,
  "ruleCount": 1,
}
`;

exports[`consistent-indexed-object-style > invalid 9`] = `
{
  "diagnostics": [
    {
      "filePath": "src/virtual.ts",
      "message": "A record is preferred over an index signature.",
      "messageId": "preferRecord",
      "range": {
        "end": {
          "column": 34,
          "line": 1,
        },
        "start": {
          "column": 12,
          "line": 1,
        },
      },
      "ruleName": "consistent-indexed-object-style",
    },
  ],
  "errorCount": 1,
  "fileCount": 1,
  "ruleCount": 1,
}
`;

exports[`consistent-indexed-object-style > invalid 10`] = `
{
  "diagnostics": [
    {
      "filePath": "src/virtual.ts",
      "message": "A record is preferred over an index signature.",
      "messageId": "preferRecord",
      "range": {
        "end": {
          "column": 43,
          "line": 1,
        },
        "start": {
          "column": 12,
          "line": 1,
        },
      },
      "ruleName": "consistent-indexed-object-style",
    },
  ],
  "errorCount": 1,
  "fileCount": 1,
  "ruleCount": 1,
}
`;

exports[`consistent-indexed-object-style > invalid 11`] = `
{
  "diagnostics": [
    {
      "filePath": "src/virtual.ts",
      "message": "A record is preferred over an index signature.",
      "messageId": "preferRecord",
      "range": {
        "end": {
          "column": 42,
          "line": 1,
        },
        "start": {
          "column": 20,
          "line": 1,
        },
      },
      "ruleName": "consistent-indexed-object-style",
    },
  ],
  "errorCount": 1,
  "fileCount": 1,
  "ruleCount": 1,
}
`;

exports[`consistent-indexed-object-style > invalid 12`] = `
{
  "diagnostics": [
    {
      "filePath": "src/virtual.ts",
      "message": "A record is preferred over an index signature.",
      "messageId": "preferRecord",
      "range": {
        "end": {
          "column": 51,
          "line": 1,
        },
        "start": {
          "column": 20,
          "line": 1,
        },
      },
      "ruleName": "consistent-indexed-object-style",
    },
  ],
  "errorCount": 1,
  "fileCount": 1,
  "ruleCount": 1,
}
`;

exports[`consistent-indexed-object-style > invalid 13`] = `
{
  "diagnostics": [
    {
      "filePath": "src/virtual.ts",
      "message": "A record is preferred over an index signature.",
      "messageId": "preferRecord",
      "range": {
        "end": {
          "column": 41,
          "line": 1,
        },
        "start": {
          "column": 19,
          "line": 1,
        },
      },
      "ruleName": "consistent-indexed-object-style",
    },
  ],
  "errorCount": 1,
  "fileCount": 1,
  "ruleCount": 1,
}
`;

exports[`consistent-indexed-object-style > invalid 14`] = `
{
  "diagnostics": [
    {
      "filePath": "src/virtual.ts",
      "message": "A record is preferred over an index signature.",
      "messageId": "preferRecord",
      "range": {
        "end": {
          "column": 39,
          "line": 1,
        },
        "start": {
          "column": 17,
          "line": 1,
        },
      },
      "ruleName": "consistent-indexed-object-style",
    },
  ],
  "errorCount": 1,
  "fileCount": 1,
  "ruleCount": 1,
}
`;

exports[`consistent-indexed-object-style > invalid 15`] = `
{
  "diagnostics": [
    {
      "filePath": "src/virtual.ts",
      "message": "A record is preferred over an index signature.",
      "messageId": "preferRecord",
      "range": {
        "end": {
          "column": 50,
          "line": 1,
        },
        "start": {
          "column": 19,
          "line": 1,
        },
      },
      "ruleName": "consistent-indexed-object-style",
    },
  ],
  "errorCount": 1,
  "fileCount": 1,
  "ruleCount": 1,
}
`;

exports[`consistent-indexed-object-style > invalid 16`] = `
{
  "diagnostics": [
    {
      "filePath": "src/virtual.ts",
      "message": "A record is preferred over an index signature.",
      "messageId": "preferRecord",
      "range": {
        "end": {
          "column": 48,
          "line": 1,
        },
        "start": {
          "column": 17,
          "line": 1,
        },
      },
      "ruleName": "consistent-indexed-object-style",
    },
  ],
  "errorCount": 1,
  "fileCount": 1,
  "ruleCount": 1,
}
`;

exports[`consistent-indexed-object-style > invalid 17`] = `
{
  "diagnostics": [
    {
      "filePath": "src/virtual.ts",
      "message": "An index signature is preferred over a record.",
      "messageId": "preferIndexSignature",
      "range": {
        "end": {
          "column": 31,
          "line": 1,
        },
        "start": {
          "column": 12,
          "line": 1,
        },
      },
      "ruleName": "consistent-indexed-object-style",
    },
  ],
  "errorCount": 1,
  "fileCount": 1,
  "ruleCount": 1,
}
`;

exports[`consistent-indexed-object-style > invalid 18`] = `
{
  "diagnostics": [
    {
      "filePath": "src/virtual.ts",
      "message": "An index signature is preferred over a record.",
      "messageId": "preferIndexSignature",
      "range": {
        "end": {
          "column": 32,
          "line": 1,
        },
        "start": {
          "column": 15,
          "line": 1,
        },
      },
      "ruleName": "consistent-indexed-object-style",
    },
  ],
  "errorCount": 1,
  "fileCount": 1,
  "ruleCount": 1,
}
`;

exports[`consistent-indexed-object-style > invalid 19`] = `
{
  "diagnostics": [
    {
      "filePath": "src/virtual.ts",
      "message": "A record is preferred over an index signature.",
      "messageId": "preferRecord",
      "range": {
        "end": {
          "column": 34,
          "line": 1,
        },
        "start": {
          "column": 12,
          "line": 1,
        },
      },
      "ruleName": "consistent-indexed-object-style",
    },
  ],
  "errorCount": 1,
  "fileCount": 1,
  "ruleCount": 1,
}
`;

exports[`consistent-indexed-object-style > invalid 20`] = `
{
  "diagnostics": [
    {
      "filePath": "src/virtual.ts",
      "message": "A record is preferred over an index signature.",
      "messageId": "preferRecord",
      "range": {
        "end": {
          "column": 41,
          "line": 1,
        },
        "start": {
          "column": 12,
          "line": 1,
        },
      },
      "ruleName": "consistent-indexed-object-style",
    },
  ],
  "errorCount": 1,
  "fileCount": 1,
  "ruleCount": 1,
}
`;

exports[`consistent-indexed-object-style > invalid 21`] = `
{
  "diagnostics": [
    {
      "filePath": "src/virtual.ts",
      "message": "A record is preferred over an index signature.",
      "messageId": "preferRecord",
      "range": {
        "end": {
          "column": 51,
          "line": 1,
        },
        "start": {
          "column": 29,
          "line": 1,
        },
      },
      "ruleName": "consistent-indexed-object-style",
    },
  ],
  "errorCount": 1,
  "fileCount": 1,
  "ruleCount": 1,
}
`;

exports[`consistent-indexed-object-style > invalid 22`] = `
{
  "diagnostics": [
    {
      "filePath": "src/virtual.ts",
      "message": "A record is preferred over an index signature.",
      "messageId": "preferRecord",
      "range": {
        "end": {
          "column": 37,
          "line": 1,
        },
        "start": {
          "column": 12,
          "line": 1,
        },
      },
      "ruleName": "consistent-indexed-object-style",
    },
  ],
  "errorCount": 1,
  "fileCount": 1,
  "ruleCount": 1,
}
`;

exports[`consistent-indexed-object-style > invalid 23`] = `
{
  "diagnostics": [
    {
      "filePath": "src/virtual.ts",
      "message": "A record is preferred over an index signature.",
      "messageId": "preferRecord",
      "range": {
        "end": {
          "column": 2,
          "line": 4,
        },
        "start": {
          "column": 1,
          "line": 2,
        },
      },
      "ruleName": "consistent-indexed-object-style",
    },
  ],
  "errorCount": 1,
  "fileCount": 1,
  "ruleCount": 1,
}
`;

exports[`consistent-indexed-object-style > invalid 24`] = `
{
  "diagnostics": [
    {
      "filePath": "src/virtual.ts",
      "message": "A record is preferred over an index signature.",
      "messageId": "preferRecord",
      "range": {
        "end": {
          "column": 2,
          "line": 4,
        },
        "start": {
          "column": 1,
          "line": 2,
        },
      },
      "ruleName": "consistent-indexed-object-style",
    },
  ],
  "errorCount": 1,
  "fileCount": 1,
  "ruleCount": 1,
}
`;

exports[`consistent-indexed-object-style > invalid 25`] = `
{
  "diagnostics": [
    {
      "filePath": "src/virtual.ts",
      "message": "A record is preferred over an index signature.",
      "messageId": "preferRecord",
      "range": {
        "end": {
          "column": 38,
          "line": 3,
        },
        "start": {
          "column": 16,
          "line": 3,
        },
      },
      "ruleName": "consistent-indexed-object-style",
    },
  ],
  "errorCount": 1,
  "fileCount": 1,
  "ruleCount": 1,
}
`;

exports[`consistent-indexed-object-style > invalid 26`] = `
{
  "diagnostics": [],
  "errorCount": 0,
  "fileCount": 1,
  "ruleCount": 1,
}
`;
