// Rstest Snapshot v1

exports[`dot-notation > invalid 1`] = `
{
  "code": "
class X {
  private priv_prop = 123;
}

const x = new X();
x['priv_prop'] = 123;
      ",
  "diagnostics": [
    {
      "message": "Use dot notation instead of bracket notation.",
      "messageId": "useDot",
      "range": {
        "end": {
          "column": 15,
          "line": 7,
        },
        "start": {
          "column": 1,
          "line": 7,
        },
      },
      "ruleName": "@typescript-eslint/dot-notation",
    },
  ],
  "errorCount": 1,
  "fileCount": 1,
  "output": "
class X {
  private priv_prop = 123;
}

const x = new X();
x.priv_prop = 123;
      ",
  "ruleCount": 1,
}
`;

exports[`dot-notation > invalid 2`] = `
{
  "code": "
class X {
  public pub_prop = 123;
}

const x = new X();
x['pub_prop'] = 123;
      ",
  "diagnostics": [
    {
      "message": "Use dot notation instead of bracket notation.",
      "messageId": "useDot",
      "range": {
        "end": {
          "column": 14,
          "line": 7,
        },
        "start": {
          "column": 1,
          "line": 7,
        },
      },
      "ruleName": "@typescript-eslint/dot-notation",
    },
  ],
  "errorCount": 1,
  "fileCount": 1,
  "output": "
class X {
  public pub_prop = 123;
}

const x = new X();
x.pub_prop = 123;
      ",
  "ruleCount": 1,
}
`;

exports[`dot-notation > invalid 3`] = `
{
  "code": "a['true'];",
  "diagnostics": [
    {
      "message": "Use dot notation instead of bracket notation.",
      "messageId": "useDot",
      "range": {
        "end": {
          "column": 10,
          "line": 1,
        },
        "start": {
          "column": 1,
          "line": 1,
        },
      },
      "ruleName": "@typescript-eslint/dot-notation",
    },
  ],
  "errorCount": 1,
  "fileCount": 1,
  "output": "a.true;",
  "ruleCount": 1,
}
`;

exports[`dot-notation > invalid 4`] = `
{
  "code": "a['time'];",
  "diagnostics": [
    {
      "message": "Use dot notation instead of bracket notation.",
      "messageId": "useDot",
      "range": {
        "end": {
          "column": 10,
          "line": 1,
        },
        "start": {
          "column": 1,
          "line": 1,
        },
      },
      "ruleName": "@typescript-eslint/dot-notation",
    },
  ],
  "errorCount": 1,
  "fileCount": 1,
  "output": "a.time;",
  "ruleCount": 1,
}
`;

exports[`dot-notation > invalid 5`] = `
{
  "code": "a[null];",
  "diagnostics": [
    {
      "message": "Use dot notation instead of bracket notation.",
      "messageId": "useDot",
      "range": {
        "end": {
          "column": 8,
          "line": 1,
        },
        "start": {
          "column": 1,
          "line": 1,
        },
      },
      "ruleName": "@typescript-eslint/dot-notation",
    },
  ],
  "errorCount": 1,
  "fileCount": 1,
  "output": "a.null;",
  "ruleCount": 1,
}
`;

exports[`dot-notation > invalid 6`] = `
{
  "code": "a[true];",
  "diagnostics": [
    {
      "message": "Use dot notation instead of bracket notation.",
      "messageId": "useDot",
      "range": {
        "end": {
          "column": 8,
          "line": 1,
        },
        "start": {
          "column": 1,
          "line": 1,
        },
      },
      "ruleName": "@typescript-eslint/dot-notation",
    },
  ],
  "errorCount": 1,
  "fileCount": 1,
  "output": "a.true;",
  "ruleCount": 1,
}
`;

exports[`dot-notation > invalid 7`] = `
{
  "code": "a[false];",
  "diagnostics": [
    {
      "message": "Use dot notation instead of bracket notation.",
      "messageId": "useDot",
      "range": {
        "end": {
          "column": 9,
          "line": 1,
        },
        "start": {
          "column": 1,
          "line": 1,
        },
      },
      "ruleName": "@typescript-eslint/dot-notation",
    },
  ],
  "errorCount": 1,
  "fileCount": 1,
  "output": "a.false;",
  "ruleCount": 1,
}
`;

exports[`dot-notation > invalid 8`] = `
{
  "code": "a['b'];",
  "diagnostics": [
    {
      "message": "Use dot notation instead of bracket notation.",
      "messageId": "useDot",
      "range": {
        "end": {
          "column": 7,
          "line": 1,
        },
        "start": {
          "column": 1,
          "line": 1,
        },
      },
      "ruleName": "@typescript-eslint/dot-notation",
    },
  ],
  "errorCount": 1,
  "fileCount": 1,
  "output": "a.b;",
  "ruleCount": 1,
}
`;

exports[`dot-notation > invalid 9`] = `
{
  "code": "a.b['c'];",
  "diagnostics": [
    {
      "message": "Use dot notation instead of bracket notation.",
      "messageId": "useDot",
      "range": {
        "end": {
          "column": 9,
          "line": 1,
        },
        "start": {
          "column": 1,
          "line": 1,
        },
      },
      "ruleName": "@typescript-eslint/dot-notation",
    },
  ],
  "errorCount": 1,
  "fileCount": 1,
  "output": "a.b.c;",
  "ruleCount": 1,
}
`;

exports[`dot-notation > invalid 10`] = `
{
  "code": "a['_dangle'];",
  "diagnostics": [
    {
      "message": "Use dot notation instead of bracket notation.",
      "messageId": "useDot",
      "range": {
        "end": {
          "column": 13,
          "line": 1,
        },
        "start": {
          "column": 1,
          "line": 1,
        },
      },
      "ruleName": "@typescript-eslint/dot-notation",
    },
  ],
  "errorCount": 1,
  "fileCount": 1,
  "output": "a._dangle;",
  "ruleCount": 1,
}
`;

exports[`dot-notation > invalid 11`] = `
{
  "code": "a['SHOUT_CASE'];",
  "diagnostics": [
    {
      "message": "Use dot notation instead of bracket notation.",
      "messageId": "useDot",
      "range": {
        "end": {
          "column": 16,
          "line": 1,
        },
        "start": {
          "column": 1,
          "line": 1,
        },
      },
      "ruleName": "@typescript-eslint/dot-notation",
    },
  ],
  "errorCount": 1,
  "fileCount": 1,
  "output": "a.SHOUT_CASE;",
  "ruleCount": 1,
}
`;

exports[`dot-notation > invalid 12`] = `
{
  "code": "
foo
  .while;
      ",
  "diagnostics": [
    {
      "message": "Property is a keyword - use bracket notation.",
      "messageId": "useBrackets",
      "range": {
        "end": {
          "column": 9,
          "line": 3,
        },
        "start": {
          "column": 1,
          "line": 2,
        },
      },
      "ruleName": "@typescript-eslint/dot-notation",
    },
  ],
  "errorCount": 1,
  "fileCount": 1,
  "output": "
foo
  ["while"];
      ",
  "ruleCount": 1,
}
`;

exports[`dot-notation > invalid 13`] = `
{
  "code": "foo[/* comment */ 'bar'];",
  "diagnostics": [
    {
      "message": "Use dot notation instead of bracket notation.",
      "messageId": "useDot",
      "range": {
        "end": {
          "column": 25,
          "line": 1,
        },
        "start": {
          "column": 1,
          "line": 1,
        },
      },
      "ruleName": "@typescript-eslint/dot-notation",
    },
  ],
  "errorCount": 1,
  "fileCount": 1,
  "ruleCount": 1,
}
`;

exports[`dot-notation > invalid 14`] = `
{
  "code": "foo['bar' /* comment */];",
  "diagnostics": [
    {
      "message": "Use dot notation instead of bracket notation.",
      "messageId": "useDot",
      "range": {
        "end": {
          "column": 25,
          "line": 1,
        },
        "start": {
          "column": 1,
          "line": 1,
        },
      },
      "ruleName": "@typescript-eslint/dot-notation",
    },
  ],
  "errorCount": 1,
  "fileCount": 1,
  "ruleCount": 1,
}
`;

exports[`dot-notation > invalid 15`] = `
{
  "code": "foo['bar'];",
  "diagnostics": [
    {
      "message": "Use dot notation instead of bracket notation.",
      "messageId": "useDot",
      "range": {
        "end": {
          "column": 11,
          "line": 1,
        },
        "start": {
          "column": 1,
          "line": 1,
        },
      },
      "ruleName": "@typescript-eslint/dot-notation",
    },
  ],
  "errorCount": 1,
  "fileCount": 1,
  "output": "foo.bar;",
  "ruleCount": 1,
}
`;

exports[`dot-notation > invalid 16`] = `
{
  "code": "foo./* comment */ while;",
  "diagnostics": [
    {
      "message": "Property is a keyword - use bracket notation.",
      "messageId": "useBrackets",
      "range": {
        "end": {
          "column": 24,
          "line": 1,
        },
        "start": {
          "column": 1,
          "line": 1,
        },
      },
      "ruleName": "@typescript-eslint/dot-notation",
    },
  ],
  "errorCount": 1,
  "fileCount": 1,
  "ruleCount": 1,
}
`;

exports[`dot-notation > invalid 17`] = `
{
  "code": "foo[null];",
  "diagnostics": [
    {
      "message": "Use dot notation instead of bracket notation.",
      "messageId": "useDot",
      "range": {
        "end": {
          "column": 10,
          "line": 1,
        },
        "start": {
          "column": 1,
          "line": 1,
        },
      },
      "ruleName": "@typescript-eslint/dot-notation",
    },
  ],
  "errorCount": 1,
  "fileCount": 1,
  "output": "foo.null;",
  "ruleCount": 1,
}
`;

exports[`dot-notation > invalid 18`] = `
{
  "code": "foo['bar'] instanceof baz;",
  "diagnostics": [
    {
      "message": "Use dot notation instead of bracket notation.",
      "messageId": "useDot",
      "range": {
        "end": {
          "column": 11,
          "line": 1,
        },
        "start": {
          "column": 1,
          "line": 1,
        },
      },
      "ruleName": "@typescript-eslint/dot-notation",
    },
  ],
  "errorCount": 1,
  "fileCount": 1,
  "output": "foo.bar instanceof baz;",
  "ruleCount": 1,
}
`;

exports[`dot-notation > invalid 19`] = `
{
  "code": "let.if();",
  "diagnostics": [
    {
      "message": "Property is a keyword - use bracket notation.",
      "messageId": "useBrackets",
      "range": {
        "end": {
          "column": 7,
          "line": 1,
        },
        "start": {
          "column": 1,
          "line": 1,
        },
      },
      "ruleName": "@typescript-eslint/dot-notation",
    },
  ],
  "errorCount": 1,
  "fileCount": 1,
  "ruleCount": 1,
}
`;

exports[`dot-notation > invalid 20`] = `
{
  "code": "
class X {
  protected protected_prop = 123;
}

const x = new X();
x['protected_prop'] = 123;
      ",
  "diagnostics": [
    {
      "message": "Use dot notation instead of bracket notation.",
      "messageId": "useDot",
      "range": {
        "end": {
          "column": 20,
          "line": 7,
        },
        "start": {
          "column": 1,
          "line": 7,
        },
      },
      "ruleName": "@typescript-eslint/dot-notation",
    },
  ],
  "errorCount": 1,
  "fileCount": 1,
  "output": "
class X {
  protected protected_prop = 123;
}

const x = new X();
x.protected_prop = 123;
      ",
  "ruleCount": 1,
}
`;

exports[`dot-notation > invalid 21`] = `
{
  "code": "
class X {
  prop: string;
  [key: string]: number;
}

const x = new X();
x['prop'] = 'hello';
      ",
  "diagnostics": [
    {
      "message": "Use dot notation instead of bracket notation.",
      "messageId": "useDot",
      "range": {
        "end": {
          "column": 10,
          "line": 8,
        },
        "start": {
          "column": 1,
          "line": 8,
        },
      },
      "ruleName": "@typescript-eslint/dot-notation",
    },
  ],
  "errorCount": 1,
  "fileCount": 1,
  "output": "
class X {
  prop: string;
  [key: string]: number;
}

const x = new X();
x.prop = 'hello';
      ",
  "ruleCount": 1,
}
`;
