// Rstest Snapshot v1

exports[`no-empty-interface > invalid 1`] = `
{
  "diagnostics": [
    {
      "filePath": "src/virtual.ts",
      "message": "An empty interface is equivalent to \`{}\`.",
      "messageId": "noEmpty",
      "range": {
        "end": {
          "column": 14,
          "line": 1,
        },
        "start": {
          "column": 11,
          "line": 1,
        },
      },
      "ruleName": "@typescript-eslint/no-empty-interface",
    },
  ],
  "errorCount": 1,
  "fileCount": 1,
  "ruleCount": 1,
}
`;

exports[`no-empty-interface > invalid 2`] = `
{
  "diagnostics": [
    {
      "filePath": "src/virtual.ts",
      "message": "An empty interface is equivalent to \`{}\`.",
      "messageId": "noEmpty",
      "range": {
        "end": {
          "column": 14,
          "line": 1,
        },
        "start": {
          "column": 11,
          "line": 1,
        },
      },
      "ruleName": "@typescript-eslint/no-empty-interface",
    },
  ],
  "errorCount": 1,
  "fileCount": 1,
  "ruleCount": 1,
}
`;

exports[`no-empty-interface > invalid 3`] = `
{
  "diagnostics": [
    {
      "filePath": "src/virtual.ts",
      "message": "An interface declaring no members is equivalent to its supertype.",
      "messageId": "noEmptyWithSuper",
      "range": {
        "end": {
          "column": 14,
          "line": 6,
        },
        "start": {
          "column": 11,
          "line": 6,
        },
      },
      "ruleName": "@typescript-eslint/no-empty-interface",
    },
  ],
  "errorCount": 1,
  "fileCount": 1,
  "ruleCount": 1,
}
`;

exports[`no-empty-interface > invalid 4`] = `
{
  "diagnostics": [
    {
      "filePath": "src/virtual.ts",
      "message": "An interface declaring no members is equivalent to its supertype.",
      "messageId": "noEmptyWithSuper",
      "range": {
        "end": {
          "column": 14,
          "line": 6,
        },
        "start": {
          "column": 11,
          "line": 6,
        },
      },
      "ruleName": "@typescript-eslint/no-empty-interface",
    },
  ],
  "errorCount": 1,
  "fileCount": 1,
  "ruleCount": 1,
}
`;

exports[`no-empty-interface > invalid 5`] = `
{
  "diagnostics": [
    {
      "filePath": "src/virtual.ts",
      "message": "An interface declaring no members is equivalent to its supertype.",
      "messageId": "noEmptyWithSuper",
      "range": {
        "end": {
          "column": 14,
          "line": 6,
        },
        "start": {
          "column": 11,
          "line": 6,
        },
      },
      "ruleName": "@typescript-eslint/no-empty-interface",
    },
  ],
  "errorCount": 1,
  "fileCount": 1,
  "ruleCount": 1,
}
`;

exports[`no-empty-interface > invalid 6`] = `
{
  "diagnostics": [
    {
      "filePath": "src/virtual.ts",
      "message": "An interface declaring no members is equivalent to its supertype.",
      "messageId": "noEmptyWithSuper",
      "range": {
        "end": {
          "column": 14,
          "line": 6,
        },
        "start": {
          "column": 11,
          "line": 6,
        },
      },
      "ruleName": "@typescript-eslint/no-empty-interface",
    },
  ],
  "errorCount": 1,
  "fileCount": 1,
  "ruleCount": 1,
}
`;

exports[`no-empty-interface > invalid 7`] = `
{
  "diagnostics": [
    {
      "filePath": "src/virtual.ts",
      "message": "An interface declaring no members is equivalent to its supertype.",
      "messageId": "noEmptyWithSuper",
      "range": {
        "end": {
          "column": 14,
          "line": 1,
        },
        "start": {
          "column": 11,
          "line": 1,
        },
      },
      "ruleName": "@typescript-eslint/no-empty-interface",
    },
  ],
  "errorCount": 1,
  "fileCount": 1,
  "ruleCount": 1,
}
`;

exports[`no-empty-interface > invalid 8`] = `
{
  "diagnostics": [
    {
      "filePath": "src/virtual.ts",
      "message": "An interface declaring no members is equivalent to its supertype.",
      "messageId": "noEmptyWithSuper",
      "range": {
        "end": {
          "column": 14,
          "line": 1,
        },
        "start": {
          "column": 11,
          "line": 1,
        },
      },
      "ruleName": "@typescript-eslint/no-empty-interface",
    },
  ],
  "errorCount": 1,
  "fileCount": 1,
  "ruleCount": 1,
}
`;

exports[`no-empty-interface > invalid 9`] = `
{
  "diagnostics": [
    {
      "filePath": "src/virtual.ts",
      "message": "An interface declaring no members is equivalent to its supertype.",
      "messageId": "noEmptyWithSuper",
      "range": {
        "end": {
          "column": 14,
          "line": 5,
        },
        "start": {
          "column": 11,
          "line": 5,
        },
      },
      "ruleName": "@typescript-eslint/no-empty-interface",
    },
  ],
  "errorCount": 1,
  "fileCount": 1,
  "ruleCount": 1,
}
`;

exports[`no-empty-interface > invalid 10`] = `
{
  "diagnostics": [
    {
      "filePath": "src/virtual.ts",
      "message": "An interface declaring no members is equivalent to its supertype.",
      "messageId": "noEmptyWithSuper",
      "range": {
        "end": {
          "column": 14,
          "line": 3,
        },
        "start": {
          "column": 11,
          "line": 3,
        },
      },
      "ruleName": "@typescript-eslint/no-empty-interface",
    },
  ],
  "errorCount": 1,
  "fileCount": 1,
  "ruleCount": 1,
}
`;

exports[`no-empty-interface > invalid 11`] = `
{
  "diagnostics": [
    {
      "filePath": "src/virtual.ts",
      "message": "An interface declaring no members is equivalent to its supertype.",
      "messageId": "noEmptyWithSuper",
      "range": {
        "end": {
          "column": 14,
          "line": 2,
        },
        "start": {
          "column": 11,
          "line": 2,
        },
      },
      "ruleName": "@typescript-eslint/no-empty-interface",
    },
  ],
  "errorCount": 1,
  "fileCount": 1,
  "ruleCount": 1,
}
`;

exports[`no-empty-interface > invalid 12`] = `
{
  "diagnostics": [
    {
      "filePath": "src/virtual.ts",
      "message": "An interface declaring no members is equivalent to its supertype.",
      "messageId": "noEmptyWithSuper",
      "range": {
        "end": {
          "column": 23,
          "line": 4,
        },
        "start": {
          "column": 20,
          "line": 4,
        },
      },
      "ruleName": "@typescript-eslint/no-empty-interface",
    },
  ],
  "errorCount": 1,
  "fileCount": 1,
  "ruleCount": 1,
}
`;
