// Rstest Snapshot v1

exports[`no-inferrable-types > invalid 1`] = `
{
  "diagnostics": [
    {
      "filePath": "src/virtual.ts",
      "message": "Type bigint trivially inferred from a bigint literal, remove type annotation.",
      "messageId": "noInferrableType",
      "range": {
        "end": {
          "column": 8,
          "line": 1,
        },
        "start": {
          "column": 7,
          "line": 1,
        },
      },
      "ruleName": "no-inferrable-types",
    },
  ],
  "errorCount": 1,
  "fileCount": 1,
  "ruleCount": 1,
}
`;

exports[`no-inferrable-types > invalid 2`] = `
{
  "diagnostics": [
    {
      "filePath": "src/virtual.ts",
      "message": "Type bigint trivially inferred from a bigint literal, remove type annotation.",
      "messageId": "noInferrableType",
      "range": {
        "end": {
          "column": 8,
          "line": 1,
        },
        "start": {
          "column": 7,
          "line": 1,
        },
      },
      "ruleName": "no-inferrable-types",
    },
  ],
  "errorCount": 1,
  "fileCount": 1,
  "ruleCount": 1,
}
`;

exports[`no-inferrable-types > invalid 3`] = `
{
  "diagnostics": [
    {
      "filePath": "src/virtual.ts",
      "message": "Type bigint trivially inferred from a bigint literal, remove type annotation.",
      "messageId": "noInferrableType",
      "range": {
        "end": {
          "column": 8,
          "line": 1,
        },
        "start": {
          "column": 7,
          "line": 1,
        },
      },
      "ruleName": "no-inferrable-types",
    },
  ],
  "errorCount": 1,
  "fileCount": 1,
  "ruleCount": 1,
}
`;

exports[`no-inferrable-types > invalid 4`] = `
{
  "diagnostics": [
    {
      "filePath": "src/virtual.ts",
      "message": "Type bigint trivially inferred from a bigint literal, remove type annotation.",
      "messageId": "noInferrableType",
      "range": {
        "end": {
          "column": 8,
          "line": 1,
        },
        "start": {
          "column": 7,
          "line": 1,
        },
      },
      "ruleName": "no-inferrable-types",
    },
  ],
  "errorCount": 1,
  "fileCount": 1,
  "ruleCount": 1,
}
`;

exports[`no-inferrable-types > invalid 5`] = `
{
  "diagnostics": [],
  "errorCount": 0,
  "fileCount": 1,
  "ruleCount": 1,
}
`;
