// Rstest Snapshot v1

exports[`no-misused-new > invalid 1`] = `
{
  "diagnostics": [],
  "errorCount": 0,
  "fileCount": 1,
  "ruleCount": 1,
}
`;
