// Rstest Snapshot v1

exports[`no-non-null-asserted-optional-chain > invalid 1`] = `
{
  "diagnostics": [
    {
      "filePath": "src/virtual.ts",
      "message": "Optional chain expressions can return undefined by design - using a non-null assertion is unsafe and wrong.",
      "messageId": "noNonNullOptionalChain",
      "range": {
        "end": {
          "column": 10,
          "line": 1,
        },
        "start": {
          "column": 1,
          "line": 1,
        },
      },
      "ruleName": "no-non-null-asserted-optional-chain",
    },
  ],
  "errorCount": 1,
  "fileCount": 1,
  "ruleCount": 1,
}
`;

exports[`no-non-null-asserted-optional-chain > invalid 2`] = `
{
  "diagnostics": [
    {
      "filePath": "src/virtual.ts",
      "message": "Optional chain expressions can return undefined by design - using a non-null assertion is unsafe and wrong.",
      "messageId": "noNonNullOptionalChain",
      "range": {
        "end": {
          "column": 14,
          "line": 1,
        },
        "start": {
          "column": 1,
          "line": 1,
        },
      },
      "ruleName": "no-non-null-asserted-optional-chain",
    },
  ],
  "errorCount": 1,
  "fileCount": 1,
  "ruleCount": 1,
}
`;

exports[`no-non-null-asserted-optional-chain > invalid 3`] = `
{
  "diagnostics": [
    {
      "filePath": "src/virtual.ts",
      "message": "Optional chain expressions can return undefined by design - using a non-null assertion is unsafe and wrong.",
      "messageId": "noNonNullOptionalChain",
      "range": {
        "end": {
          "column": 12,
          "line": 1,
        },
        "start": {
          "column": 1,
          "line": 1,
        },
      },
      "ruleName": "no-non-null-asserted-optional-chain",
    },
  ],
  "errorCount": 1,
  "fileCount": 1,
  "ruleCount": 1,
}
`;

exports[`no-non-null-asserted-optional-chain > invalid 4`] = `
{
  "diagnostics": [
    {
      "filePath": "src/virtual.ts",
      "message": "Optional chain expressions can return undefined by design - using a non-null assertion is unsafe and wrong.",
      "messageId": "noNonNullOptionalChain",
      "range": {
        "end": {
          "column": 13,
          "line": 1,
        },
        "start": {
          "column": 1,
          "line": 1,
        },
      },
      "ruleName": "no-non-null-asserted-optional-chain",
    },
  ],
  "errorCount": 1,
  "fileCount": 1,
  "ruleCount": 1,
}
`;

exports[`no-non-null-asserted-optional-chain > invalid 5`] = `
{
  "diagnostics": [
    {
      "filePath": "src/virtual.ts",
      "message": "Optional chain expressions can return undefined by design - using a non-null assertion is unsafe and wrong.",
      "messageId": "noNonNullOptionalChain",
      "range": {
        "end": {
          "column": 12,
          "line": 1,
        },
        "start": {
          "column": 1,
          "line": 1,
        },
      },
      "ruleName": "no-non-null-asserted-optional-chain",
    },
  ],
  "errorCount": 1,
  "fileCount": 1,
  "ruleCount": 1,
}
`;

exports[`no-non-null-asserted-optional-chain > invalid 6`] = `
{
  "diagnostics": [
    {
      "filePath": "src/virtual.ts",
      "message": "Optional chain expressions can return undefined by design - using a non-null assertion is unsafe and wrong.",
      "messageId": "noNonNullOptionalChain",
      "range": {
        "end": {
          "column": 12,
          "line": 1,
        },
        "start": {
          "column": 1,
          "line": 1,
        },
      },
      "ruleName": "no-non-null-asserted-optional-chain",
    },
  ],
  "errorCount": 1,
  "fileCount": 1,
  "ruleCount": 1,
}
`;

exports[`no-non-null-asserted-optional-chain > invalid 7`] = `
{
  "diagnostics": [
    {
      "filePath": "src/virtual.ts",
      "message": "Optional chain expressions can return undefined by design - using a non-null assertion is unsafe and wrong.",
      "messageId": "noNonNullOptionalChain",
      "range": {
        "end": {
          "column": 12,
          "line": 1,
        },
        "start": {
          "column": 1,
          "line": 1,
        },
      },
      "ruleName": "no-non-null-asserted-optional-chain",
    },
  ],
  "errorCount": 1,
  "fileCount": 1,
  "ruleCount": 1,
}
`;

exports[`no-non-null-asserted-optional-chain > invalid 8`] = `
{
  "diagnostics": [
    {
      "filePath": "src/virtual.ts",
      "message": "Optional chain expressions can return undefined by design - using a non-null assertion is unsafe and wrong.",
      "messageId": "noNonNullOptionalChain",
      "range": {
        "end": {
          "column": 12,
          "line": 1,
        },
        "start": {
          "column": 1,
          "line": 1,
        },
      },
      "ruleName": "no-non-null-asserted-optional-chain",
    },
  ],
  "errorCount": 1,
  "fileCount": 1,
  "ruleCount": 1,
}
`;

exports[`no-non-null-asserted-optional-chain > invalid 9`] = `
{
  "diagnostics": [
    {
      "filePath": "src/virtual.ts",
      "message": "Optional chain expressions can return undefined by design - using a non-null assertion is unsafe and wrong.",
      "messageId": "noNonNullOptionalChain",
      "range": {
        "end": {
          "column": 11,
          "line": 1,
        },
        "start": {
          "column": 2,
          "line": 1,
        },
      },
      "ruleName": "no-non-null-asserted-optional-chain",
    },
  ],
  "errorCount": 1,
  "fileCount": 1,
  "ruleCount": 1,
}
`;

exports[`no-non-null-asserted-optional-chain > invalid 10`] = `
{
  "diagnostics": [
    {
      "filePath": "src/virtual.ts",
      "message": "Optional chain expressions can return undefined by design - using a non-null assertion is unsafe and wrong.",
      "messageId": "noNonNullOptionalChain",
      "range": {
        "end": {
          "column": 11,
          "line": 1,
        },
        "start": {
          "column": 2,
          "line": 1,
        },
      },
      "ruleName": "no-non-null-asserted-optional-chain",
    },
  ],
  "errorCount": 1,
  "fileCount": 1,
  "ruleCount": 1,
}
`;
