// Rstest Snapshot v1

exports[`no-restricted-types > invalid 1`] = `
{
  "diagnostics": [],
  "errorCount": 0,
  "fileCount": 73,
  "ruleCount": 1,
}
`;
