// Rstest Snapshot v1

exports[`no-shadow > invalid 1`] = `
{
  "diagnostics": [
    {
      "filePath": "src/virtual.ts",
      "message": "'a' is already declared in the upper scope on line 1 column 4.",
      "messageId": "noShadow",
      "range": {
        "end": {
          "column": 37,
          "line": 1,
        },
        "start": {
          "column": 31,
          "line": 1,
        },
      },
      "ruleName": "no-shadow",
    },
  ],
  "errorCount": 1,
  "fileCount": 1,
  "ruleCount": 1,
}
`;

exports[`no-shadow > invalid 2`] = `
{
  "diagnostics": [
    {
      "filePath": "src/virtual.ts",
      "message": "'Object' is already a global variable.",
      "messageId": "noShadowGlobal",
      "range": {
        "end": {
          "column": 32,
          "line": 1,
        },
        "start": {
          "column": 22,
          "line": 1,
        },
      },
      "ruleName": "no-shadow",
    },
  ],
  "errorCount": 1,
  "fileCount": 1,
  "ruleCount": 1,
}
`;

exports[`no-shadow > invalid 3`] = `
{
  "diagnostics": [
    {
      "filePath": "src/virtual.ts",
      "message": "'a' is already declared in the upper scope on line 1 column 4.",
      "messageId": "noShadow",
      "range": {
        "end": {
          "column": 22,
          "line": 1,
        },
        "start": {
          "column": 16,
          "line": 1,
        },
      },
      "ruleName": "no-shadow",
    },
  ],
  "errorCount": 1,
  "fileCount": 1,
  "ruleCount": 1,
}
`;

exports[`no-shadow > invalid 4`] = `
{
  "diagnostics": [
    {
      "filePath": "src/virtual.ts",
      "message": "'a' is already declared in the upper scope on line 1 column 4.",
      "messageId": "noShadow",
      "range": {
        "end": {
          "column": 42,
          "line": 1,
        },
        "start": {
          "column": 27,
          "line": 1,
        },
      },
      "ruleName": "no-shadow",
    },
  ],
  "errorCount": 1,
  "fileCount": 1,
  "ruleCount": 1,
}
`;

exports[`no-shadow > invalid 5`] = `
{
  "diagnostics": [
    {
      "filePath": "src/virtual.ts",
      "message": "'Foo' is already declared in the upper scope on line 1 column 1.",
      "messageId": "noShadow",
      "range": {
        "end": {
          "column": 51,
          "line": 1,
        },
        "start": {
          "column": 44,
          "line": 1,
        },
      },
      "ruleName": "no-shadow",
    },
  ],
  "errorCount": 1,
  "fileCount": 1,
  "ruleCount": 1,
}
`;

exports[`no-shadow > invalid 6`] = `
{
  "diagnostics": [
    {
      "filePath": "src/virtual.ts",
      "message": "'test' is already declared in the upper scope on line 1 column 4.",
      "messageId": "noShadow",
      "range": {
        "end": {
          "column": 40,
          "line": 1,
        },
        "start": {
          "column": 28,
          "line": 1,
        },
      },
      "ruleName": "no-shadow",
    },
  ],
  "errorCount": 1,
  "fileCount": 1,
  "ruleCount": 1,
}
`;

exports[`no-shadow > invalid 7`] = `
{
  "diagnostics": [
    {
      "filePath": "src/virtual.ts",
      "message": "'a' is already declared in the upper scope on line 1 column 14.",
      "messageId": "noShadow",
      "range": {
        "end": {
          "column": 66,
          "line": 1,
        },
        "start": {
          "column": 57,
          "line": 1,
        },
      },
      "ruleName": "no-shadow",
    },
  ],
  "errorCount": 1,
  "fileCount": 1,
  "ruleCount": 1,
}
`;

exports[`no-shadow > invalid 8`] = `
{
  "diagnostics": [
    {
      "filePath": "src/virtual.ts",
      "message": "'A' is already declared in the upper scope on line 1 column 1.",
      "messageId": "noShadow",
      "range": {
        "end": {
          "column": 32,
          "line": 1,
        },
        "start": {
          "column": 22,
          "line": 1,
        },
      },
      "ruleName": "no-shadow",
    },
  ],
  "errorCount": 1,
  "fileCount": 1,
  "ruleCount": 1,
}
`;

exports[`no-shadow > invalid 9`] = `
{
  "diagnostics": [
    {
      "filePath": "src/virtual.ts",
      "message": "'x' is already declared in the upper scope on line 1 column 4.",
      "messageId": "noShadow",
      "range": {
        "end": {
          "column": 23,
          "line": 1,
        },
        "start": {
          "column": 18,
          "line": 1,
        },
      },
      "ruleName": "no-shadow",
    },
  ],
  "errorCount": 1,
  "fileCount": 1,
  "ruleCount": 1,
}
`;

exports[`no-shadow > invalid 10`] = `
{
  "diagnostics": [
    {
      "filePath": "src/virtual.ts",
      "message": "'a' is already declared in the upper scope on line 1 column 6.",
      "messageId": "noShadow",
      "range": {
        "end": {
          "column": 26,
          "line": 1,
        },
        "start": {
          "column": 25,
          "line": 1,
        },
      },
      "ruleName": "no-shadow",
    },
  ],
  "errorCount": 1,
  "fileCount": 1,
  "ruleCount": 1,
}
`;

exports[`no-shadow > invalid 11`] = `
{
  "diagnostics": [
    {
      "filePath": "src/virtual.ts",
      "message": "'e' is already declared in the upper scope on line 1 column 6.",
      "messageId": "noShadow",
      "range": {
        "end": {
          "column": 29,
          "line": 1,
        },
        "start": {
          "column": 28,
          "line": 1,
        },
      },
      "ruleName": "no-shadow",
    },
  ],
  "errorCount": 1,
  "fileCount": 1,
  "ruleCount": 1,
}
`;

exports[`no-shadow > invalid 12`] = `
{
  "diagnostics": [
    {
      "filePath": "src/virtual.ts",
      "message": "'Foo' is already declared in the upper scope on line 1 column 6.",
      "messageId": "noShadow",
      "range": {
        "end": {
          "column": 32,
          "line": 1,
        },
        "start": {
          "column": 16,
          "line": 1,
        },
      },
      "ruleName": "no-shadow",
    },
  ],
  "errorCount": 1,
  "fileCount": 1,
  "ruleCount": 1,
}
`;

exports[`no-shadow > invalid 13`] = `
{
  "diagnostics": [
    {
      "filePath": "src/virtual.ts",
      "message": "'Foo' is already declared in the upper scope on line 1 column 6.",
      "messageId": "noShadow",
      "range": {
        "end": {
          "column": 32,
          "line": 1,
        },
        "start": {
          "column": 16,
          "line": 1,
        },
      },
      "ruleName": "no-shadow",
    },
  ],
  "errorCount": 1,
  "fileCount": 1,
  "ruleCount": 1,
}
`;

exports[`no-shadow > invalid 14`] = `
{
  "diagnostics": [
    {
      "filePath": "src/virtual.ts",
      "message": "'a' is already declared in the upper scope on line 1 column 6.",
      "messageId": "noShadow",
      "range": {
        "end": {
          "column": 35,
          "line": 1,
        },
        "start": {
          "column": 26,
          "line": 1,
        },
      },
      "ruleName": "no-shadow",
    },
  ],
  "errorCount": 1,
  "fileCount": 1,
  "ruleCount": 1,
}
`;

exports[`no-shadow > invalid 15`] = `
{
  "diagnostics": [
    {
      "filePath": "src/virtual.ts",
      "message": "'a' is already declared in the upper scope on line 1 column 6.",
      "messageId": "noShadow",
      "range": {
        "end": {
          "column": 40,
          "line": 1,
        },
        "start": {
          "column": 31,
          "line": 1,
        },
      },
      "ruleName": "no-shadow",
    },
  ],
  "errorCount": 1,
  "fileCount": 1,
  "ruleCount": 1,
}
`;

exports[`no-shadow > invalid 16`] = `
{
  "diagnostics": [
    {
      "filePath": "src/virtual.ts",
      "message": "'a' is already declared in the upper scope on line 1 column 6.",
      "messageId": "noShadow",
      "range": {
        "end": {
          "column": 45,
          "line": 1,
        },
        "start": {
          "column": 36,
          "line": 1,
        },
      },
      "ruleName": "no-shadow",
    },
  ],
  "errorCount": 1,
  "fileCount": 1,
  "ruleCount": 1,
}
`;

exports[`no-shadow > invalid 17`] = `
{
  "diagnostics": [
    {
      "filePath": "src/virtual.ts",
      "message": "'a' is already declared in the upper scope on line 1 column 6.",
      "messageId": "noShadow",
      "range": {
        "end": {
          "column": 42,
          "line": 1,
        },
        "start": {
          "column": 33,
          "line": 1,
        },
      },
      "ruleName": "no-shadow",
    },
  ],
  "errorCount": 1,
  "fileCount": 1,
  "ruleCount": 1,
}
`;

exports[`no-shadow > invalid 18`] = `
{
  "diagnostics": [
    {
      "filePath": "src/virtual.ts",
      "message": "'x' is already declared in the upper scope on line 1 column 4.",
      "messageId": "noShadow",
      "range": {
        "end": {
          "column": 36,
          "line": 1,
        },
        "start": {
          "column": 31,
          "line": 1,
        },
      },
      "ruleName": "no-shadow",
    },
    {
      "filePath": "src/virtual.ts",
      "message": "'x' is already declared in the upper scope on line 1 column 30.",
      "messageId": "noShadow",
      "range": {
        "end": {
          "column": 62,
          "line": 1,
        },
        "start": {
          "column": 57,
          "line": 1,
        },
      },
      "ruleName": "no-shadow",
    },
  ],
  "errorCount": 2,
  "fileCount": 1,
  "ruleCount": 1,
}
`;
