// Rstest Snapshot v1

exports[`no-unsafe-function-type > invalid 1`] = `
{
  "diagnostics": [
    {
      "filePath": "src/virtual.ts",
      "message": "The \`Function\` type accepts any function-like value.
Prefer explicitly defining any function parameters and return type.",
      "messageId": "bannedFunctionType",
      "range": {
        "end": {
          "column": 20,
          "line": 1,
        },
        "start": {
          "column": 12,
          "line": 1,
        },
      },
      "ruleName": "no-unsafe-function-type",
    },
  ],
  "errorCount": 1,
  "fileCount": 1,
  "ruleCount": 1,
}
`;

exports[`no-unsafe-function-type > invalid 2`] = `
{
  "diagnostics": [
    {
      "filePath": "src/virtual.ts",
      "message": "The \`Function\` type accepts any function-like value.
Prefer explicitly defining any function parameters and return type.",
      "messageId": "bannedFunctionType",
      "range": {
        "end": {
          "column": 20,
          "line": 1,
        },
        "start": {
          "column": 12,
          "line": 1,
        },
      },
      "ruleName": "no-unsafe-function-type",
    },
  ],
  "errorCount": 1,
  "fileCount": 1,
  "ruleCount": 1,
}
`;

exports[`no-unsafe-function-type > invalid 3`] = `
{
  "diagnostics": [
    {
      "filePath": "src/virtual.ts",
      "message": "The \`Function\` type accepts any function-like value.
Prefer explicitly defining any function parameters and return type.",
      "messageId": "bannedFunctionType",
      "range": {
        "end": {
          "column": 20,
          "line": 1,
        },
        "start": {
          "column": 12,
          "line": 1,
        },
      },
      "ruleName": "no-unsafe-function-type",
    },
  ],
  "errorCount": 1,
  "fileCount": 1,
  "ruleCount": 1,
}
`;

exports[`no-unsafe-function-type > invalid 4`] = `
{
  "diagnostics": [
    {
      "filePath": "src/virtual.ts",
      "message": "The \`Function\` type accepts any function-like value.
Prefer explicitly defining any function parameters and return type.",
      "messageId": "bannedFunctionType",
      "range": {
        "end": {
          "column": 40,
          "line": 2,
        },
        "start": {
          "column": 32,
          "line": 2,
        },
      },
      "ruleName": "no-unsafe-function-type",
    },
  ],
  "errorCount": 1,
  "fileCount": 1,
  "ruleCount": 1,
}
`;

exports[`no-unsafe-function-type > invalid 5`] = `
{
  "diagnostics": [
    {
      "filePath": "src/virtual.ts",
      "message": "The \`Function\` type accepts any function-like value.
Prefer explicitly defining any function parameters and return type.",
      "messageId": "bannedFunctionType",
      "range": {
        "end": {
          "column": 41,
          "line": 2,
        },
        "start": {
          "column": 33,
          "line": 2,
        },
      },
      "ruleName": "no-unsafe-function-type",
    },
  ],
  "errorCount": 1,
  "fileCount": 1,
  "ruleCount": 1,
}
`;
