// Rstest Snapshot v1

exports[`no-useless-empty-export > invalid 1`] = `
{
  "diagnostics": [
    {
      "filePath": "src/virtual.ts",
      "message": "Empty export does nothing and can be removed.",
      "messageId": "uselessExport",
      "range": {
        "end": {
          "column": 11,
          "line": 3,
        },
        "start": {
          "column": 1,
          "line": 3,
        },
      },
      "ruleName": "no-useless-empty-export",
    },
  ],
  "errorCount": 1,
  "fileCount": 1,
  "ruleCount": 1,
}
`;

exports[`no-useless-empty-export > invalid 2`] = `
{
  "diagnostics": [
    {
      "filePath": "src/virtual.ts",
      "message": "Empty export does nothing and can be removed.",
      "messageId": "uselessExport",
      "range": {
        "end": {
          "column": 11,
          "line": 3,
        },
        "start": {
          "column": 1,
          "line": 3,
        },
      },
      "ruleName": "no-useless-empty-export",
    },
  ],
  "errorCount": 1,
  "fileCount": 1,
  "ruleCount": 1,
}
`;

exports[`no-useless-empty-export > invalid 3`] = `
{
  "diagnostics": [
    {
      "filePath": "src/virtual.ts",
      "message": "Empty export does nothing and can be removed.",
      "messageId": "uselessExport",
      "range": {
        "end": {
          "column": 11,
          "line": 2,
        },
        "start": {
          "column": 1,
          "line": 2,
        },
      },
      "ruleName": "no-useless-empty-export",
    },
  ],
  "errorCount": 1,
  "fileCount": 1,
  "ruleCount": 1,
}
`;

exports[`no-useless-empty-export > invalid 4`] = `
{
  "diagnostics": [
    {
      "filePath": "src/virtual.ts",
      "message": "Empty export does nothing and can be removed.",
      "messageId": "uselessExport",
      "range": {
        "end": {
          "column": 11,
          "line": 4,
        },
        "start": {
          "column": 1,
          "line": 4,
        },
      },
      "ruleName": "no-useless-empty-export",
    },
  ],
  "errorCount": 1,
  "fileCount": 1,
  "ruleCount": 1,
}
`;

exports[`no-useless-empty-export > invalid 5`] = `
{
  "diagnostics": [
    {
      "filePath": "src/virtual.ts",
      "message": "Empty export does nothing and can be removed.",
      "messageId": "uselessExport",
      "range": {
        "end": {
          "column": 11,
          "line": 2,
        },
        "start": {
          "column": 1,
          "line": 2,
        },
      },
      "ruleName": "no-useless-empty-export",
    },
  ],
  "errorCount": 1,
  "fileCount": 1,
  "ruleCount": 1,
}
`;

exports[`no-useless-empty-export > invalid 6`] = `
{
  "diagnostics": [
    {
      "filePath": "src/virtual.ts",
      "message": "Empty export does nothing and can be removed.",
      "messageId": "uselessExport",
      "range": {
        "end": {
          "column": 11,
          "line": 4,
        },
        "start": {
          "column": 1,
          "line": 4,
        },
      },
      "ruleName": "no-useless-empty-export",
    },
  ],
  "errorCount": 1,
  "fileCount": 1,
  "ruleCount": 1,
}
`;

exports[`no-useless-empty-export > invalid 7`] = `
{
  "diagnostics": [
    {
      "filePath": "src/virtual.ts",
      "message": "Empty export does nothing and can be removed.",
      "messageId": "uselessExport",
      "range": {
        "end": {
          "column": 11,
          "line": 3,
        },
        "start": {
          "column": 1,
          "line": 3,
        },
      },
      "ruleName": "no-useless-empty-export",
    },
  ],
  "errorCount": 1,
  "fileCount": 1,
  "ruleCount": 1,
}
`;

exports[`no-useless-empty-export > invalid 8`] = `
{
  "diagnostics": [
    {
      "filePath": "src/virtual.ts",
      "message": "Empty export does nothing and can be removed.",
      "messageId": "uselessExport",
      "range": {
        "end": {
          "column": 11,
          "line": 3,
        },
        "start": {
          "column": 1,
          "line": 3,
        },
      },
      "ruleName": "no-useless-empty-export",
    },
    {
      "filePath": "src/virtual.ts",
      "message": "Empty export does nothing and can be removed.",
      "messageId": "uselessExport",
      "range": {
        "end": {
          "column": 11,
          "line": 4,
        },
        "start": {
          "column": 1,
          "line": 4,
        },
      },
      "ruleName": "no-useless-empty-export",
    },
  ],
  "errorCount": 2,
  "fileCount": 1,
  "ruleCount": 1,
}
`;
