// Rstest Snapshot v1

exports[`no-unnecessary-type-parameters > invalid 1`] = `
{
  "diagnostics": [
    {
      "filePath": "src/virtual.ts",
      "message": "Type parameter T is used only once in the function signature.",
      "messageId": "sole",
      "range": {
        "end": {
          "column": 16,
          "line": 1,
        },
        "start": {
          "column": 15,
          "line": 1,
        },
      },
      "ruleName": "no-unnecessary-type-parameters",
    },
  ],
  "errorCount": 1,
  "fileCount": 1,
  "ruleCount": 1,
}
`;

exports[`no-unnecessary-type-parameters > invalid 2`] = `
{
  "diagnostics": [
    {
      "filePath": "src/virtual.ts",
      "message": "Type parameter T is used only once in the function signature.",
      "messageId": "sole",
      "range": {
        "end": {
          "column": 16,
          "line": 1,
        },
        "start": {
          "column": 15,
          "line": 1,
        },
      },
      "ruleName": "no-unnecessary-type-parameters",
    },
  ],
  "errorCount": 1,
  "fileCount": 1,
  "ruleCount": 1,
}
`;

exports[`no-unnecessary-type-parameters > invalid 3`] = `
{
  "diagnostics": [],
  "errorCount": 0,
  "fileCount": 1,
  "ruleCount": 1,
}
`;
