// Rstest Snapshot v1

exports[`no-namespace > invalid 1`] = `
{
  "diagnostics": [
    {
      "filePath": "src/virtual.ts",
      "message": "Namespace is not allowed.",
      "messageId": "noNamespace",
      "range": {
        "end": {
          "column": 23,
          "line": 2,
        },
        "start": {
          "column": 19,
          "line": 2,
        },
      },
      "ruleName": "@typescript-eslint/no-namespace",
    },
  ],
  "errorCount": 1,
  "fileCount": 1,
  "ruleCount": 1,
}
`;

exports[`no-namespace > invalid 2`] = `
{
  "diagnostics": [
    {
      "filePath": "src/virtual.ts",
      "message": "Namespace is not allowed.",
      "messageId": "noNamespace",
      "range": {
        "end": {
          "column": 24,
          "line": 2,
        },
        "start": {
          "column": 19,
          "line": 2,
        },
      },
      "ruleName": "@typescript-eslint/no-namespace",
    },
    {
      "filePath": "src/virtual.ts",
      "message": "Namespace is not allowed.",
      "messageId": "noNamespace",
      "range": {
        "end": {
          "column": 26,
          "line": 3,
        },
        "start": {
          "column": 21,
          "line": 3,
        },
      },
      "ruleName": "@typescript-eslint/no-namespace",
    },
  ],
  "errorCount": 2,
  "fileCount": 1,
  "ruleCount": 1,
}
`;

exports[`no-namespace > invalid 3`] = `
{
  "diagnostics": [
    {
      "filePath": "src/virtual.ts",
      "message": "Namespace is not allowed.",
      "messageId": "noNamespace",
      "range": {
        "end": {
          "column": 23,
          "line": 2,
        },
        "start": {
          "column": 19,
          "line": 2,
        },
      },
      "ruleName": "@typescript-eslint/no-namespace",
    },
  ],
  "errorCount": 1,
  "fileCount": 1,
  "ruleCount": 1,
}
`;

exports[`no-namespace > invalid 4`] = `
{
  "diagnostics": [
    {
      "filePath": "src/virtual.ts",
      "message": "Namespace is not allowed.",
      "messageId": "noNamespace",
      "range": {
        "end": {
          "column": 23,
          "line": 2,
        },
        "start": {
          "column": 19,
          "line": 2,
        },
      },
      "ruleName": "@typescript-eslint/no-namespace",
    },
  ],
  "errorCount": 1,
  "fileCount": 1,
  "ruleCount": 1,
}
`;

exports[`no-namespace > invalid 5`] = `
{
  "diagnostics": [
    {
      "filePath": "src/virtual.ts",
      "message": "Namespace is not allowed.",
      "messageId": "noNamespace",
      "range": {
        "end": {
          "column": 23,
          "line": 2,
        },
        "start": {
          "column": 19,
          "line": 2,
        },
      },
      "ruleName": "@typescript-eslint/no-namespace",
    },
  ],
  "errorCount": 1,
  "fileCount": 1,
  "ruleCount": 1,
}
`;

exports[`no-namespace > invalid 6`] = `
{
  "diagnostics": [
    {
      "filePath": "src/virtual.ts",
      "message": "Namespace is not allowed.",
      "messageId": "noNamespace",
      "range": {
        "end": {
          "column": 31,
          "line": 2,
        },
        "start": {
          "column": 27,
          "line": 2,
        },
      },
      "ruleName": "@typescript-eslint/no-namespace",
    },
  ],
  "errorCount": 1,
  "fileCount": 1,
  "ruleCount": 1,
}
`;

exports[`no-namespace > invalid 7`] = `
{
  "diagnostics": [
    {
      "filePath": "src/virtual.ts",
      "message": "Namespace is not allowed.",
      "messageId": "noNamespace",
      "range": {
        "end": {
          "column": 20,
          "line": 2,
        },
        "start": {
          "column": 19,
          "line": 2,
        },
      },
      "ruleName": "@typescript-eslint/no-namespace",
    },
    {
      "filePath": "src/virtual.ts",
      "message": "Namespace is not allowed.",
      "messageId": "noNamespace",
      "range": {
        "end": {
          "column": 20,
          "line": 6,
        },
        "start": {
          "column": 19,
          "line": 6,
        },
      },
      "ruleName": "@typescript-eslint/no-namespace",
    },
  ],
  "errorCount": 2,
  "fileCount": 1,
  "ruleCount": 1,
}
`;

exports[`no-namespace > invalid 8`] = `
{
  "diagnostics": [
    {
      "filePath": "src/virtual.ts",
      "message": "Namespace is not allowed.",
      "messageId": "noNamespace",
      "range": {
        "end": {
          "column": 24,
          "line": 2,
        },
        "start": {
          "column": 19,
          "line": 2,
        },
      },
      "ruleName": "@typescript-eslint/no-namespace",
    },
  ],
  "errorCount": 1,
  "fileCount": 1,
  "ruleCount": 1,
}
`;

exports[`no-namespace > invalid 9`] = `
{
  "diagnostics": [
    {
      "filePath": "src/virtual.ts",
      "message": "Namespace is not allowed.",
      "messageId": "noNamespace",
      "range": {
        "end": {
          "column": 31,
          "line": 2,
        },
        "start": {
          "column": 27,
          "line": 2,
        },
      },
      "ruleName": "@typescript-eslint/no-namespace",
    },
  ],
  "errorCount": 1,
  "fileCount": 1,
  "ruleCount": 1,
}
`;

exports[`no-namespace > invalid 10`] = `
{
  "diagnostics": [
    {
      "filePath": "src/virtual.ts",
      "message": "Namespace is not allowed.",
      "messageId": "noNamespace",
      "range": {
        "end": {
          "column": 31,
          "line": 2,
        },
        "start": {
          "column": 27,
          "line": 2,
        },
      },
      "ruleName": "@typescript-eslint/no-namespace",
    },
  ],
  "errorCount": 1,
  "fileCount": 1,
  "ruleCount": 1,
}
`;

exports[`no-namespace > invalid 11`] = `
{
  "diagnostics": [
    {
      "filePath": "src/virtual.ts",
      "message": "Namespace is not allowed.",
      "messageId": "noNamespace",
      "range": {
        "end": {
          "column": 23,
          "line": 2,
        },
        "start": {
          "column": 19,
          "line": 2,
        },
      },
      "ruleName": "@typescript-eslint/no-namespace",
    },
  ],
  "errorCount": 1,
  "fileCount": 1,
  "ruleCount": 1,
}
`;

exports[`no-namespace > invalid 12`] = `
{
  "diagnostics": [
    {
      "filePath": "src/virtual.ts",
      "message": "Namespace is not allowed.",
      "messageId": "noNamespace",
      "range": {
        "end": {
          "column": 23,
          "line": 2,
        },
        "start": {
          "column": 19,
          "line": 2,
        },
      },
      "ruleName": "@typescript-eslint/no-namespace",
    },
  ],
  "errorCount": 1,
  "fileCount": 1,
  "ruleCount": 1,
}
`;

exports[`no-namespace > invalid 13`] = `
{
  "diagnostics": [
    {
      "filePath": "src/virtual.ts",
      "message": "Namespace is not allowed.",
      "messageId": "noNamespace",
      "range": {
        "end": {
          "column": 25,
          "line": 2,
        },
        "start": {
          "column": 19,
          "line": 2,
        },
      },
      "ruleName": "@typescript-eslint/no-namespace",
    },
    {
      "filePath": "src/virtual.ts",
      "message": "Namespace is not allowed.",
      "messageId": "noNamespace",
      "range": {
        "end": {
          "column": 27,
          "line": 3,
        },
        "start": {
          "column": 21,
          "line": 3,
        },
      },
      "ruleName": "@typescript-eslint/no-namespace",
    },
    {
      "filePath": "src/virtual.ts",
      "message": "Namespace is not allowed.",
      "messageId": "noNamespace",
      "range": {
        "end": {
          "column": 29,
          "line": 4,
        },
        "start": {
          "column": 23,
          "line": 4,
        },
      },
      "ruleName": "@typescript-eslint/no-namespace",
    },
  ],
  "errorCount": 3,
  "fileCount": 1,
  "ruleCount": 1,
}
`;

exports[`no-namespace > invalid 14`] = `
{
  "diagnostics": [
    {
      "filePath": "src/virtual.ts",
      "message": "Namespace is not allowed.",
      "messageId": "noNamespace",
      "range": {
        "end": {
          "column": 24,
          "line": 2,
        },
        "start": {
          "column": 19,
          "line": 2,
        },
      },
      "ruleName": "@typescript-eslint/no-namespace",
    },
  ],
  "errorCount": 1,
  "fileCount": 1,
  "ruleCount": 1,
}
`;

exports[`no-namespace > invalid 15`] = `
{
  "diagnostics": [
    {
      "filePath": "src/virtual.ts",
      "message": "Namespace is not allowed.",
      "messageId": "noNamespace",
      "range": {
        "end": {
          "column": 28,
          "line": 2,
        },
        "start": {
          "column": 19,
          "line": 2,
        },
      },
      "ruleName": "@typescript-eslint/no-namespace",
    },
  ],
  "errorCount": 1,
  "fileCount": 1,
  "ruleCount": 1,
}
`;

exports[`no-namespace > invalid 16`] = `
{
  "diagnostics": [
    {
      "filePath": "src/virtual.ts",
      "message": "Namespace is not allowed.",
      "messageId": "noNamespace",
      "range": {
        "end": {
          "column": 23,
          "line": 2,
        },
        "start": {
          "column": 19,
          "line": 2,
        },
      },
      "ruleName": "@typescript-eslint/no-namespace",
    },
  ],
  "errorCount": 1,
  "fileCount": 1,
  "ruleCount": 1,
}
`;
